Archive member included to satisfy reference by file (symbol)

..\..\..\libpdmfilter_gcc.a(pdm_filter.o)
                              ..\obj\main.o (PDM_Filter_Init)
c:/users/fabri/downloads/gcc-arm-none-eabi-6-2017-q2-update-win32/bin/../lib/gcc/arm-none-eabi/6.3.1/../../../../arm-none-eabi/lib/thumb/v7e-m/fpv4-sp/softfp\libm.a(lib_a-s_lround.o)
                              ..\obj\stm32f4_discovery_lcd.o (lround)
c:/users/fabri/downloads/gcc-arm-none-eabi-6-2017-q2-update-win32/bin/../lib/gcc/arm-none-eabi/6.3.1/../../../../arm-none-eabi/lib/thumb/v7e-m/fpv4-sp/softfp\libm.a(lib_a-s_sin.o)
                              ..\obj\main.o (sin)
c:/users/fabri/downloads/gcc-arm-none-eabi-6-2017-q2-update-win32/bin/../lib/gcc/arm-none-eabi/6.3.1/../../../../arm-none-eabi/lib/thumb/v7e-m/fpv4-sp/softfp\libm.a(lib_a-wf_sqrt.o)
                              ..\obj\arm_cmplx_mag_f32.o (sqrtf)
c:/users/fabri/downloads/gcc-arm-none-eabi-6-2017-q2-update-win32/bin/../lib/gcc/arm-none-eabi/6.3.1/../../../../arm-none-eabi/lib/thumb/v7e-m/fpv4-sp/softfp\libm.a(lib_a-e_rem_pio2.o)
                              c:/users/fabri/downloads/gcc-arm-none-eabi-6-2017-q2-update-win32/bin/../lib/gcc/arm-none-eabi/6.3.1/../../../../arm-none-eabi/lib/thumb/v7e-m/fpv4-sp/softfp\libm.a(lib_a-s_sin.o) (__ieee754_rem_pio2)
c:/users/fabri/downloads/gcc-arm-none-eabi-6-2017-q2-update-win32/bin/../lib/gcc/arm-none-eabi/6.3.1/../../../../arm-none-eabi/lib/thumb/v7e-m/fpv4-sp/softfp\libm.a(lib_a-ef_sqrt.o)
                              c:/users/fabri/downloads/gcc-arm-none-eabi-6-2017-q2-update-win32/bin/../lib/gcc/arm-none-eabi/6.3.1/../../../../arm-none-eabi/lib/thumb/v7e-m/fpv4-sp/softfp\libm.a(lib_a-wf_sqrt.o) (__ieee754_sqrtf)
c:/users/fabri/downloads/gcc-arm-none-eabi-6-2017-q2-update-win32/bin/../lib/gcc/arm-none-eabi/6.3.1/../../../../arm-none-eabi/lib/thumb/v7e-m/fpv4-sp/softfp\libm.a(lib_a-k_cos.o)
                              c:/users/fabri/downloads/gcc-arm-none-eabi-6-2017-q2-update-win32/bin/../lib/gcc/arm-none-eabi/6.3.1/../../../../arm-none-eabi/lib/thumb/v7e-m/fpv4-sp/softfp\libm.a(lib_a-s_sin.o) (__kernel_cos)
c:/users/fabri/downloads/gcc-arm-none-eabi-6-2017-q2-update-win32/bin/../lib/gcc/arm-none-eabi/6.3.1/../../../../arm-none-eabi/lib/thumb/v7e-m/fpv4-sp/softfp\libm.a(lib_a-k_rem_pio2.o)
                              c:/users/fabri/downloads/gcc-arm-none-eabi-6-2017-q2-update-win32/bin/../lib/gcc/arm-none-eabi/6.3.1/../../../../arm-none-eabi/lib/thumb/v7e-m/fpv4-sp/softfp\libm.a(lib_a-e_rem_pio2.o) (__kernel_rem_pio2)
c:/users/fabri/downloads/gcc-arm-none-eabi-6-2017-q2-update-win32/bin/../lib/gcc/arm-none-eabi/6.3.1/../../../../arm-none-eabi/lib/thumb/v7e-m/fpv4-sp/softfp\libm.a(lib_a-k_sin.o)
                              c:/users/fabri/downloads/gcc-arm-none-eabi-6-2017-q2-update-win32/bin/../lib/gcc/arm-none-eabi/6.3.1/../../../../arm-none-eabi/lib/thumb/v7e-m/fpv4-sp/softfp\libm.a(lib_a-s_sin.o) (__kernel_sin)
c:/users/fabri/downloads/gcc-arm-none-eabi-6-2017-q2-update-win32/bin/../lib/gcc/arm-none-eabi/6.3.1/../../../../arm-none-eabi/lib/thumb/v7e-m/fpv4-sp/softfp\libm.a(lib_a-s_fabs.o)
                              c:/users/fabri/downloads/gcc-arm-none-eabi-6-2017-q2-update-win32/bin/../lib/gcc/arm-none-eabi/6.3.1/../../../../arm-none-eabi/lib/thumb/v7e-m/fpv4-sp/softfp\libm.a(lib_a-e_rem_pio2.o) (fabs)
c:/users/fabri/downloads/gcc-arm-none-eabi-6-2017-q2-update-win32/bin/../lib/gcc/arm-none-eabi/6.3.1/../../../../arm-none-eabi/lib/thumb/v7e-m/fpv4-sp/softfp\libm.a(lib_a-s_floor.o)
                              c:/users/fabri/downloads/gcc-arm-none-eabi-6-2017-q2-update-win32/bin/../lib/gcc/arm-none-eabi/6.3.1/../../../../arm-none-eabi/lib/thumb/v7e-m/fpv4-sp/softfp\libm.a(lib_a-k_rem_pio2.o) (floor)
c:/users/fabri/downloads/gcc-arm-none-eabi-6-2017-q2-update-win32/bin/../lib/gcc/arm-none-eabi/6.3.1/../../../../arm-none-eabi/lib/thumb/v7e-m/fpv4-sp/softfp\libm.a(lib_a-s_lib_ver.o)
                              c:/users/fabri/downloads/gcc-arm-none-eabi-6-2017-q2-update-win32/bin/../lib/gcc/arm-none-eabi/6.3.1/../../../../arm-none-eabi/lib/thumb/v7e-m/fpv4-sp/softfp\libm.a(lib_a-wf_sqrt.o) (__fdlib_version)
c:/users/fabri/downloads/gcc-arm-none-eabi-6-2017-q2-update-win32/bin/../lib/gcc/arm-none-eabi/6.3.1/../../../../arm-none-eabi/lib/thumb/v7e-m/fpv4-sp/softfp\libm.a(lib_a-s_matherr.o)
                              c:/users/fabri/downloads/gcc-arm-none-eabi-6-2017-q2-update-win32/bin/../lib/gcc/arm-none-eabi/6.3.1/../../../../arm-none-eabi/lib/thumb/v7e-m/fpv4-sp/softfp\libm.a(lib_a-wf_sqrt.o) (matherr)
c:/users/fabri/downloads/gcc-arm-none-eabi-6-2017-q2-update-win32/bin/../lib/gcc/arm-none-eabi/6.3.1/../../../../arm-none-eabi/lib/thumb/v7e-m/fpv4-sp/softfp\libm.a(lib_a-s_scalbn.o)
                              c:/users/fabri/downloads/gcc-arm-none-eabi-6-2017-q2-update-win32/bin/../lib/gcc/arm-none-eabi/6.3.1/../../../../arm-none-eabi/lib/thumb/v7e-m/fpv4-sp/softfp\libm.a(lib_a-k_rem_pio2.o) (scalbn)
[...]
Memory Configuration

Name             Origin             Length             Attributes
rom              0x08000000         0x00100000         xr
ram              0x20000000         0x00020000         xrw
ram1             0x10000000         0x00010000         xrw
*default*        0x00000000         0xffffffff

Linker script and memory map

                0x20020000                _eram = 0x20020000

.text           0x08000000    0x1707d
 *(.isr_vector)
 .isr_vector    0x08000000      0x188 ..\obj\startup_stm32f4xx.o
                0x08000000                g_pfnVectors
 *(.text*)
 .text          0x08000188      0x490 ..\obj\stm32f4xx_gpio.o
                0x08000188                GPIO_DeInit
                0x080002a8                GPIO_Init
                0x080003c4                GPIO_StructInit
                0x080003f8                GPIO_PinLockConfig
                0x0800043c                GPIO_ReadInputDataBit
                0x08000470                GPIO_ReadInputData
                0x0800048a                GPIO_ReadOutputDataBit
                0x080004be                GPIO_ReadOutputData
                0x080004d8                GPIO_SetBits
                0x080004f6                GPIO_ResetBits
                0x08000514                GPIO_WriteBit
                0x08000544                GPIO_Write
                0x08000562                GPIO_ToggleBits
                0x08000586                GPIO_PinAFConfig
 .text          0x08000618      0x400 ..\obj\arm_rfft_f32.o
                0x08000618                arm_rfft_f32
                0x080006e0                arm_split_rfft_f32
                0x080008d2                arm_split_rifft_f32
 .text          0x08000a18      0x968 ..\obj\stm32f4xx_fsmc.o
                0x08000a18                FSMC_NORSRAMDeInit
                0x08000a70                FSMC_NORSRAMInit
                0x08000ba8                FSMC_NORSRAMStructInit
                0x08000c7e                FSMC_NORSRAMCmd
                0x08000cd4                FSMC_NANDDeInit
                0x08000d30                FSMC_NANDInit
                0x08000e00                FSMC_NANDStructInit
                0x08000e7e                FSMC_NANDCmd
                0x08000eec                FSMC_NANDECCCmd
                0x08000f58                FSMC_GetECC
                0x08000f90                FSMC_PCCARDDeInit
                0x08000fc8                FSMC_PCCARDInit
                0x08001074                FSMC_PCCARDStructInit
                0x080010fa                FSMC_PCCARDCmd
                0x08001138                FSMC_ITConfig
                0x080011d8                FSMC_GetFlagStatus
                0x0800123c                FSMC_ClearFlag
                0x0800129c                FSMC_GetITStatus
                0x0800131c                FSMC_ClearITPendingBit
 .text          0x08001380       0x6e ..\obj\arm_max_f32.o
                0x08001380                arm_max_f32
 *fill*         0x080013ee        0x2 
 .text          0x080013f0      0x81c ..\obj\stm32f4xx_spi.o
                0x080013f0                SPI_I2S_DeInit
                0x08001464                SPI_Init
                0x080014ec                I2S_Init
                0x08001698                SPI_StructInit
                0x080016e2                I2S_StructInit
                0x0800171a                SPI_Cmd
                0x0800175a                I2S_Cmd
                0x0800179a                SPI_DataSizeConfig
                0x080017d2                SPI_BiDirectionalLineConfig
                0x08001814                SPI_NSSInternalSoftwareConfig
                0x08001858                SPI_SSOutputCmd
                0x08001898                SPI_TIModeCmd
                0x080018d8                I2S_FullDuplexConfig
                0x08001974                SPI_I2S_ReceiveData
                0x0800198e                SPI_I2S_SendData
                0x080019ac                SPI_CalculateCRC
                0x080019ec                SPI_TransmitCRC
                0x08001a10                SPI_GetCRC
                0x08001a42                SPI_GetCRCPolynomial
                0x08001a5c                SPI_I2S_DMACmd
                0x08001aa4                SPI_I2S_ITConfig
                0x08001b06                SPI_I2S_GetFlagStatus
                0x08001b3e                SPI_I2S_ClearFlag
                0x08001b60                SPI_I2S_GetITStatus
                0x08001bd6                SPI_I2S_ClearITPendingBit
 .text          0x08001c0c       0xf4 ..\obj\stm32f4xx_it.o
                0x08001c0c                NMI_Handler
                0x08001c1a                HardFault_Handler
                0x08001c20                MemManage_Handler
                0x08001c26                BusFault_Handler
                0x08001c2c                UsageFault_Handler
                0x08001c32                SVC_Handler
                0x08001c40                DebugMon_Handler
                0x08001c4e                PendSV_Handler
                0x08001c5c                SysTick_Handler
                0x08001c6a                SPI2_IRQHandler
 .text          0x08001d00      0x194 ..\obj\misc.o
                0x08001d00                NVIC_PriorityGroupConfig
                0x08001d28                NVIC_Init
                0x08001dec                NVIC_SetVectorTable
                0x08001e18                NVIC_SystemLPConfig
                0x08001e5c                SysTick_CLKSourceConfig
 .text          0x08001e94       0xfc ..\obj\syscalls.o
                0x08001e94                _sbrk
                0x08001ed4                link
                0x08001eee                _close
                0x08001f06                _fstat
                0x08001f26                _isatty
                0x08001f3c                _lseek
                0x08001f56                _read
                0x08001f70                _write
                0x08001f8a                abort
 .text          0x08001f90       0xbc ..\obj\arm_rfft_init_f32.o
                0x08001f90                arm_rfft_init_f32
 .text          0x0800204c      0x134 ..\obj\stm32f4xx_syscfg.o
                0x0800204c                SYSCFG_DeInit
                0x08002068                SYSCFG_MemoryRemapConfig
                0x08002088                SYSCFG_EXTILineConfig
                0x0800210c                SYSCFG_ETH_MediaInterfaceConfig
                0x0800212c                SYSCFG_CompensationCellCmd
                0x0800214c                SYSCFG_GetCompensationCellStatus
 .text          0x08002180       0x78 ..\obj\startup_stm32f4xx.o
                0x08002180                Default_Reset_Handler
                0x08002180                Reset_Handler
                0x080021e4                EXTI2_IRQHandler
                0x080021e4                TIM8_CC_IRQHandler
                0x080021e4                TIM1_CC_IRQHandler
                0x080021e4                DMA2_Stream5_IRQHandler
                0x080021e4                DMA1_Stream5_IRQHandler
                0x080021e4                PVD_IRQHandler
                0x080021e4                SDIO_IRQHandler
                0x080021e4                TAMP_STAMP_IRQHandler
                0x080021e4                CAN2_RX1_IRQHandler
                0x080021e4                EXTI3_IRQHandler
                0x080021e4                TIM8_TRG_COM_TIM14_IRQHandler
                0x080021e4                TIM1_UP_TIM10_IRQHandler
                0x080021e4                TIM8_UP_TIM13_IRQHandler
                0x080021e4                I2C3_ER_IRQHandler
                0x080021e4                EXTI0_IRQHandler
                0x080021e4                HASH_RNG_IRQHandler
                0x080021e4                DMA1_Stream2_IRQHandler
                0x080021e4                CAN1_RX0_IRQHandler
                0x080021e4                FPU_IRQHandler
                0x080021e4                OTG_HS_WKUP_IRQHandler
                0x080021e4                CAN2_SCE_IRQHandler
                0x080021e4                DMA2_Stream2_IRQHandler
                0x080021e4                SPI1_IRQHandler
                0x080021e4                TIM6_DAC_IRQHandler
                0x080021e4                TIM1_BRK_TIM9_IRQHandler
                0x080021e4                DCMI_IRQHandler
                0x080021e4                CAN2_RX0_IRQHandler
                0x080021e4                DMA2_Stream3_IRQHandler
                0x080021e4                USART6_IRQHandler
                0x080021e4                USART3_IRQHandler
                0x080021e4                CRYP_IRQHandler
                0x080021e4                I2C2_EV_IRQHandler
                0x080021e4                CAN1_RX1_IRQHandler
                0x080021e4                UART5_IRQHandler
                0x080021e4                DMA2_Stream0_IRQHandler
                0x080021e4                TIM4_IRQHandler
                0x080021e4                I2C1_EV_IRQHandler
                0x080021e4                DMA1_Stream6_IRQHandler
                0x080021e4                DMA1_Stream1_IRQHandler
                0x080021e4                UART4_IRQHandler
                0x080021e4                TIM3_IRQHandler
                0x080021e4                RCC_IRQHandler
                0x080021e4                TIM8_BRK_TIM12_IRQHandler
                0x080021e4                EXTI15_10_IRQHandler
                0x080021e4                ADC_IRQHandler
                0x080021e4                RTC_Alarm_IRQHandler
                0x080021e4                DMA1_Stream7_IRQHandler
                0x080021e4                TIM7_IRQHandler
                0x080021e4                CAN2_TX_IRQHandler
                0x080021e4                TIM5_IRQHandler
                0x080021e4                DMA2_Stream7_IRQHandler
                0x080021e4                I2C3_EV_IRQHandler
                0x080021e4                EXTI9_5_IRQHandler
                0x080021e4                RTC_WKUP_IRQHandler
                0x080021e4                ETH_WKUP_IRQHandler
                0x080021e4                OTG_HS_EP1_IN_IRQHandler
                0x080021e4                DMA1_Stream0_IRQHandler
                0x080021e4                CAN1_TX_IRQHandler
                0x080021e4                EXTI4_IRQHandler
                0x080021e4                FSMC_IRQHandler
                0x080021e4                ETH_IRQHandler
                0x080021e4                OTG_HS_EP1_OUT_IRQHandler
                0x080021e4                WWDG_IRQHandler
                0x080021e4                TIM2_IRQHandler
                0x080021e4                OTG_FS_WKUP_IRQHandler
                0x080021e4                TIM1_TRG_COM_TIM11_IRQHandler
                0x080021e4                OTG_HS_IRQHandler
                0x080021e4                EXTI1_IRQHandler
                0x080021e4                USART2_IRQHandler
                0x080021e4                I2C2_ER_IRQHandler
                0x080021e4                DMA2_Stream1_IRQHandler
                0x080021e4                CAN1_SCE_IRQHandler
                0x080021e4                FLASH_IRQHandler
                0x080021e4                DMA2_Stream4_IRQHandler
                0x080021e4                USART1_IRQHandler
                0x080021e4                OTG_FS_IRQHandler
                0x080021e4                SPI3_IRQHandler
                0x080021e4                DMA1_Stream4_IRQHandler
                0x080021e4                I2C1_ER_IRQHandler
                0x080021e4                DMA2_Stream6_IRQHandler
                0x080021e4                DMA1_Stream3_IRQHandler
 .text          0x080021f8      0xadc ..\obj\stm32f4xx_rcc.o
                0x080021f8                RCC_DeInit
                0x08002248                RCC_HSEConfig
                0x08002270                RCC_WaitForHSEStartUp
                0x080022c0                RCC_AdjustHSICalibrationValue
                0x080022fc                RCC_HSICmd
                0x0800231c                RCC_LSEConfig
                0x08002360                RCC_LSICmd
                0x08002380                RCC_PLLConfig
                0x080023c0                RCC_PLLCmd
                0x080023e0                RCC_PLLI2SConfig
                0x0800240c                RCC_PLLI2SCmd
                0x0800242c                RCC_ClockSecuritySystemCmd
                0x0800244c                RCC_MCO1Config
                0x0800248c                RCC_MCO2Config
                0x080024cc                RCC_SYSCLKConfig
                0x08002504                RCC_GetSYSCLKSource
                0x08002524                RCC_HCLKConfig
                0x0800255c                RCC_PCLK1Config
                0x08002594                RCC_PCLK2Config
                0x080025d0                RCC_GetClocksFreq
                0x08002720                RCC_RTCCLKConfig
                0x0800277c                RCC_RTCCLKCmd
                0x0800279c                RCC_BackupResetCmd
                0x080027bc                RCC_I2SCLKConfig
                0x080027dc                RCC_AHB1PeriphClockCmd
                0x0800281c                RCC_AHB2PeriphClockCmd
                0x0800285c                RCC_AHB3PeriphClockCmd
                0x0800289c                RCC_APB1PeriphClockCmd
                0x080028dc                RCC_APB2PeriphClockCmd
                0x0800291c                RCC_AHB1PeriphResetCmd
                0x0800295c                RCC_AHB2PeriphResetCmd
                0x0800299c                RCC_AHB3PeriphResetCmd
                0x080029dc                RCC_APB1PeriphResetCmd
                0x08002a1c                RCC_APB2PeriphResetCmd
                0x08002a5c                RCC_AHB1PeriphClockLPModeCmd
                0x08002a9c                RCC_AHB2PeriphClockLPModeCmd
                0x08002adc                RCC_AHB3PeriphClockLPModeCmd
                0x08002b1c                RCC_APB1PeriphClockLPModeCmd
                0x08002b5c                RCC_APB2PeriphClockLPModeCmd
                0x08002b9c                RCC_ITConfig
                0x08002be8                RCC_GetFlagStatus
                0x08002c5c                RCC_ClearFlag
                0x08002c7c                RCC_GetITStatus
                0x08002cb4                RCC_ClearITPendingBit
 .text          0x08002cd4      0x1bc ..\obj\stm32f4_discovery.o
                0x08002cd4                STM_EVAL_LEDInit
                0x08002d30                STM_EVAL_LEDOn
                0x08002d60                STM_EVAL_LEDOff
                0x08002d90                STM_EVAL_LEDToggle
                0x08002dcc                STM_EVAL_PBInit
                0x08002e64                STM_EVAL_PBGetState
 .text          0x08002e90       0xf0 ..\obj\arm_cfft_radix4_init_f32.o
                0x08002e90                arm_cfft_radix4_init_f32
 .text          0x08002f80      0x224 ..\obj\stm32f4xx_exti.o
                0x08002f80                EXTI_DeInit
                0x08002fb4                EXTI_Init
                0x08003098                EXTI_StructInit
                0x080030c4                EXTI_GenerateSWInterrupt
                0x080030e8                EXTI_GetFlagStatus
                0x0800311c                EXTI_ClearFlag
                0x0800313c                EXTI_GetITStatus
                0x08003184                EXTI_ClearITPendingBit
 .text          0x080031a4      0x28c ..\obj\system_stm32f4xx.o
                0x080031a4                SystemInit
                0x08003210                SystemCoreClockUpdate
 .text          0x08003430     0x1f08 ..\obj\stm32f4_discovery_lcd.o
                0x08003430                LCD_DeInit
                0x08003674                LCD_CtrlLinesConfig
                0x080037f0                LCD_FSMCConfig
                0x08003872                STM32f4_Discovery_LCD_Init
                0x08003a2e                LCD_SetCursor
                0x08003a5c                LCD_SetDisplayWindow
                0x08003ac6                LCD_WriteReg
                0x08003af8                LCD_ReadReg
                0x08003b24                LCD_WriteRAM_Prepare
                0x08003b3a                LCD_WriteRAM
                0x08003b5c                LCD_ReadRAM
                0x08003b74                LCD_RGB_Test
                0x08003bdc                LCD_SetColors
                0x08003c10                LCD_GetColors
                0x08003c44                LCD_DisplayOff
                0x08003c52                LCD_DisplayOn
                0x08003c60                LCD_SetFont
                0x08003c80                LCD_GetFont
                0x08003c98                LCD_ClearLine
                0x08003cd4                LCD_Clear
                0x08003d20                LCD_DrawChar
                0x08003e28                LCD_DisplayChar
                0x08003e6c                LCD_DisplayStringLine
                0x08003ec0                LCD_WindowModeDisable
                0x08003ece                LCD_DrawFilledRectangle
                0x08003f58                LCD_DrawLine
                0x08003fe0                LCD_DrawLine_2
                0x080041c8                LCD_DrawRectangle
                0x08004236                LCD_GetBackgroundColor
                0x0800424c                LCD_GetForegroundColor
                0x08004264                LCD_GetTextColor
                0x0800427c                LCD_SetBackgroundColor
                0x0800429c                LCD_SetForegroundColor
                0x080042bc                LCD_SetTextColor
                0x080042dc                x_LCD_DrawFilledRectangle
                0x0800431c                x_LCD_DrawLine
                0x08004356                x_LCD_DrawLine_2
                0x08004398                x_LCD_DrawRectangle
                0x08004424                x_LCD_DrawChar
                0x08004588                x_LCD_DrawText
                0x080047ae                LCD_DrawCircle
                0x0800496c                LCD_DrawMonoPict
                0x080049f4                LCD_WriteBMP
                0x08004a08                LCD_DrawFullCircle
                0x08004b38                LCD_DrawUniLine
                0x08004cb6                LCD_PolyLine
                0x08004dc2                LCD_ClosedPolyLine
                0x08004e1e                LCD_PolyLineRelative
                0x08004e3e                LCD_ClosedPolyLineRelative
                0x08004e5e                LCD_FillPolyLine
 .text          0x08005338      0x1be ..\obj\arm_cmplx_mag_f32.o
                0x08005376                arm_cmplx_mag_f32
 .text          0x080054f6     0x1488 ..\obj\arm_cfft_radix4_f32.o
                0x080054f6                arm_cfft_radix4_f32
                0x08005558                arm_radix4_butterfly_f32
                0x08005e62                arm_radix4_butterfly_inverse_f32
                0x080067c4                arm_bitreversal_f32
 *fill*         0x0800697e        0x2 
 .text          0x08006980      0xf68 ..\obj\main.o
                0x08006980                main
                0x080075e0                DrawSpectrum_Prepare
                0x08007758                DrawSpectrum_Update
 .text.PDM_Filter_Init
                0x080078e8      0x108 ..\..\..\libpdmfilter_gcc.a(pdm_filter.o)
                0x080078e8                PDM_Filter_Init
 .text.PDM_Filter_64_LSB
                0x080079f0      0x2e4 ..\..\..\libpdmfilter_gcc.a(pdm_filter.o)
                0x080079f0                PDM_Filter_64_LSB
 .text.lround   0x08007cd4       0x94 c:/users/fabri/downloads/gcc-arm-none-eabi-6-2017-q2-update-win32/bin/../lib/gcc/arm-none-eabi/6.3.1/../../../../arm-none-eabi/lib/thumb/v7e-m/fpv4-sp/softfp\libm.a(lib_a-s_lround.o)
                0x08007cd4                lround
 .text.sin      0x08007d68       0x88 c:/users/fabri/downloads/gcc-arm-none-eabi-6-2017-q2-update-win32/bin/../lib/gcc/arm-none-eabi/6.3.1/../../../../arm-none-eabi/lib/thumb/v7e-m/fpv4-sp/softfp\libm.a(lib_a-s_sin.o)
                0x08007d68                sin
 .text.sqrtf    0x08007df0       0xa8 c:/users/fabri/downloads/gcc-arm-none-eabi-6-2017-q2-update-win32/bin/../lib/gcc/arm-none-eabi/6.3.1/../../../../arm-none-eabi/lib/thumb/v7e-m/fpv4-sp/softfp\libm.a(lib_a-wf_sqrt.o)
                0x08007df0                sqrtf
 .text.__ieee754_rem_pio2
                0x08007e98      0x444 c:/users/fabri/downloads/gcc-arm-none-eabi-6-2017-q2-update-win32/bin/../lib/gcc/arm-none-eabi/6.3.1/../../../../arm-none-eabi/lib/thumb/v7e-m/fpv4-sp/softfp\libm.a(lib_a-e_rem_pio2.o)
                0x08007e98                __ieee754_rem_pio2
 .text.__ieee754_sqrtf
                0x080082dc       0x10 c:/users/fabri/downloads/gcc-arm-none-eabi-6-2017-q2-update-win32/bin/../lib/gcc/arm-none-eabi/6.3.1/../../../../arm-none-eabi/lib/thumb/v7e-m/fpv4-sp/softfp\libm.a(lib_a-ef_sqrt.o)
                0x080082dc                __ieee754_sqrtf
 *fill*         0x080082ec        0x4 
 .text.__kernel_cos
                0x080082f0      0x24c c:/users/fabri/downloads/gcc-arm-none-eabi-6-2017-q2-update-win32/bin/../lib/gcc/arm-none-eabi/6.3.1/../../../../arm-none-eabi/lib/thumb/v7e-m/fpv4-sp/softfp\libm.a(lib_a-k_cos.o)
                0x080082f0                __kernel_cos
 *fill*         0x0800853c        0x4 
 .text.__kernel_rem_pio2
                0x08008540      0x858 c:/users/fabri/downloads/gcc-arm-none-eabi-6-2017-q2-update-win32/bin/../lib/gcc/arm-none-eabi/6.3.1/../../../../arm-none-eabi/lib/thumb/v7e-m/fpv4-sp/softfp\libm.a(lib_a-k_rem_pio2.o)
                0x08008540                __kernel_rem_pio2
 .text.__kernel_sin
                0x08008d98      0x16c c:/users/fabri/downloads/gcc-arm-none-eabi-6-2017-q2-update-win32/bin/../lib/gcc/arm-none-eabi/6.3.1/../../../../arm-none-eabi/lib/thumb/v7e-m/fpv4-sp/softfp\libm.a(lib_a-k_sin.o)
                0x08008d98                __kernel_sin
 .text.fabs     0x08008f04        0x8 c:/users/fabri/downloads/gcc-arm-none-eabi-6-2017-q2-update-win32/bin/../lib/gcc/arm-none-eabi/6.3.1/../../../../arm-none-eabi/lib/thumb/v7e-m/fpv4-sp/softfp\libm.a(lib_a-s_fabs.o)
                0x08008f04                fabs
 *fill*         0x08008f0c        0x4 
 .text.floor    0x08008f10      0x110 c:/users/fabri/downloads/gcc-arm-none-eabi-6-2017-q2-update-win32/bin/../lib/gcc/arm-none-eabi/6.3.1/../../../../arm-none-eabi/lib/thumb/v7e-m/fpv4-sp/softfp\libm.a(lib_a-s_floor.o)
                0x08008f10                floor
 .text.matherr  0x08009020        0x4 c:/users/fabri/downloads/gcc-arm-none-eabi-6-2017-q2-update-win32/bin/../lib/gcc/arm-none-eabi/6.3.1/../../../../arm-none-eabi/lib/thumb/v7e-m/fpv4-sp/softfp\libm.a(lib_a-s_matherr.o)
                0x08009020                matherr
 *fill*         0x08009024        0x4 
 .text.scalbn   0x08009028       0xfc c:/users/fabri/downloads/gcc-arm-none-eabi-6-2017-q2-update-win32/bin/../lib/gcc/arm-none-eabi/6.3.1/../../../../arm-none-eabi/lib/thumb/v7e-m/fpv4-sp/softfp\libm.a(lib_a-s_scalbn.o)
                0x08009028                scalbn
 .text.copysign
                0x08009124       0x10 c:/users/fabri/downloads/gcc-arm-none-eabi-6-2017-q2-update-win32/bin/../lib/gcc/arm-none-eabi/6.3.1/../../../../arm-none-eabi/lib/thumb/v7e-m/fpv4-sp/softfp\libm.a(lib_a-s_copysign.o)
                0x08009124                copysign
 .text          0x08009134      0x370 c:/users/fabri/downloads/gcc-arm-none-eabi-6-2017-q2-update-win32/bin/../lib/gcc/arm-none-eabi/6.3.1/thumb/v7e-m/fpv4-sp/softfp\libgcc.a(_arm_addsubdf3.o)
                0x08009134                __aeabi_drsub
                0x0800913c                __aeabi_dsub
                0x0800913c                __subdf3
                0x08009140                __aeabi_dadd
                0x08009140                __adddf3
                0x080093b8                __floatunsidf
                0x080093b8                __aeabi_ui2d
                0x080093d8                __floatsidf
                0x080093d8                __aeabi_i2d
                0x080093fc                __aeabi_f2d
                0x080093fc                __extendsfdf2
                0x08009438                __floatundidf
                0x08009438                __aeabi_ul2d
                0x08009448                __floatdidf
                0x08009448                __aeabi_l2d
 .text          0x080094a4      0x424 c:/users/fabri/downloads/gcc-arm-none-eabi-6-2017-q2-update-win32/bin/../lib/gcc/arm-none-eabi/6.3.1/thumb/v7e-m/fpv4-sp/softfp\libgcc.a(_arm_muldivdf3.o)
                0x080094a4                __aeabi_dmul
                0x080094a4                __muldf3
                0x080096f8                __divdf3
                0x080096f8                __aeabi_ddiv
 .text          0x080098c8      0x110 c:/users/fabri/downloads/gcc-arm-none-eabi-6-2017-q2-update-win32/bin/../lib/gcc/arm-none-eabi/6.3.1/thumb/v7e-m/fpv4-sp/softfp\libgcc.a(_arm_cmpdf2.o)
                0x080098c8                __gtdf2
                0x080098c8                __gedf2
                0x080098d0                __ltdf2
                0x080098d0                __ledf2
                0x080098d8                __nedf2
                0x080098d8                __eqdf2
                0x080098d8                __cmpdf2
                0x08009954                __aeabi_cdrcmple
                0x08009964                __aeabi_cdcmpeq
                0x08009964                __aeabi_cdcmple
                0x08009974                __aeabi_dcmpeq
                0x08009988                __aeabi_dcmplt
                0x0800999c                __aeabi_dcmple
                0x080099b0                __aeabi_dcmpge
                0x080099c4                __aeabi_dcmpgt
 .text          0x080099d8       0x50 c:/users/fabri/downloads/gcc-arm-none-eabi-6-2017-q2-update-win32/bin/../lib/gcc/arm-none-eabi/6.3.1/thumb/v7e-m/fpv4-sp/softfp\libgcc.a(_arm_fixdfsi.o)
                0x080099d8                __aeabi_d2iz
                0x080099d8                __fixdfsi
 .text          0x08009a28       0x40 c:/users/fabri/downloads/gcc-arm-none-eabi-6-2017-q2-update-win32/bin/../lib/gcc/arm-none-eabi/6.3.1/thumb/v7e-m/fpv4-sp/softfp\libgcc.a(_arm_fixunsdfsi.o)
                0x08009a28                __aeabi_d2uiz
                0x08009a28                __fixunsdfsi
 .text          0x08009a68       0xa0 c:/users/fabri/downloads/gcc-arm-none-eabi-6-2017-q2-update-win32/bin/../lib/gcc/arm-none-eabi/6.3.1/thumb/v7e-m/fpv4-sp/softfp\libgcc.a(_arm_truncdfsf2.o)
                0x08009a68                __truncdfsf2
                0x08009a68                __aeabi_d2f
 .text          0x08009b08      0x2a0 c:/users/fabri/downloads/gcc-arm-none-eabi-6-2017-q2-update-win32/bin/../lib/gcc/arm-none-eabi/6.3.1/thumb/v7e-m/fpv4-sp/softfp\libgcc.a(_arm_muldivsf3.o)
                0x08009b08                __mulsf3
                0x08009b08                __aeabi_fmul
                0x08009c70                __aeabi_fdiv
                0x08009c70                __divsf3
 .text          0x08009da8       0xec c:/users/fabri/downloads/gcc-arm-none-eabi-6-2017-q2-update-win32/bin/../lib/gcc/arm-none-eabi/6.3.1/thumb/v7e-m/fpv4-sp/softfp\libgcc.a(_arm_cmpsf2.o)
                0x08009da8                __gesf2
                0x08009da8                __gtsf2
                0x08009db0                __lesf2
                0x08009db0                __ltsf2
                0x08009db8                __nesf2
                0x08009db8                __eqsf2
                0x08009db8                __cmpsf2
                0x08009e18                __aeabi_cfrcmple
                0x08009e20                __aeabi_cfcmpeq
                0x08009e20                __aeabi_cfcmple
                0x08009e30                __aeabi_fcmpeq
                0x08009e44                __aeabi_fcmplt
                0x08009e58                __aeabi_fcmple
                0x08009e6c                __aeabi_fcmpge
                0x08009e80                __aeabi_fcmpgt
 .text.__errno  0x08009e94        0xc c:/users/fabri/downloads/gcc-arm-none-eabi-6-2017-q2-update-win32/bin/../lib/gcc/arm-none-eabi/6.3.1/../../../../arm-none-eabi/lib/thumb/v7e-m/fpv4-sp/softfp\libc.a(lib_a-errno.o)
                0x08009e94                __errno
 .text.sprintf  0x08009ea0       0x4c c:/users/fabri/downloads/gcc-arm-none-eabi-6-2017-q2-update-win32/bin/../lib/gcc/arm-none-eabi/6.3.1/../../../../arm-none-eabi/lib/thumb/v7e-m/fpv4-sp/softfp\libc.a(lib_a-sprintf.o)
                0x08009ea0                sprintf
 *fill*         0x08009eec       0x14 
 .text          0x08009f00       0xdc c:/users/fabri/downloads/gcc-arm-none-eabi-6-2017-q2-update-win32/bin/../lib/gcc/arm-none-eabi/6.3.1/../../../../arm-none-eabi/lib/thumb/v7e-m/fpv4-sp/softfp\libc.a(lib_a-strlen.o)
                0x08009f00                strlen
 *fill*         0x08009fdc        0x4 
 .text._svfprintf_r
                0x08009fe0     0x1498 c:/users/fabri/downloads/gcc-arm-none-eabi-6-2017-q2-update-win32/bin/../lib/gcc/arm-none-eabi/6.3.1/../../../../arm-none-eabi/lib/thumb/v7e-m/fpv4-sp/softfp\libc.a(lib_a-svfprintf.o)
                0x08009fe0                _svfprintf_r
 .text.quorem   0x0800b478      0x128 c:/users/fabri/downloads/gcc-arm-none-eabi-6-2017-q2-update-win32/bin/../lib/gcc/arm-none-eabi/6.3.1/../../../../arm-none-eabi/lib/thumb/v7e-m/fpv4-sp/softfp\libc.a(lib_a-dtoa.o)
 .text._dtoa_r  0x0800b5a0      0xe34 c:/users/fabri/downloads/gcc-arm-none-eabi-6-2017-q2-update-win32/bin/../lib/gcc/arm-none-eabi/6.3.1/../../../../arm-none-eabi/lib/thumb/v7e-m/fpv4-sp/softfp\libc.a(lib_a-dtoa.o)
                0x0800b5a0                _dtoa_r
 .text._localeconv_r
                0x0800c3d4       0x1c c:/users/fabri/downloads/gcc-arm-none-eabi-6-2017-q2-update-win32/bin/../lib/gcc/arm-none-eabi/6.3.1/../../../../arm-none-eabi/lib/thumb/v7e-m/fpv4-sp/softfp\libc.a(lib_a-localeconv.o)
                0x0800c3d4                _localeconv_r
 .text._malloc_r
                0x0800c3f0      0x560 c:/users/fabri/downloads/gcc-arm-none-eabi-6-2017-q2-update-win32/bin/../lib/gcc/arm-none-eabi/6.3.1/../../../../arm-none-eabi/lib/thumb/v7e-m/fpv4-sp/softfp\libc.a(lib_a-mallocr.o)
                0x0800c3f0                _malloc_r
 .text          0x0800c950       0xa0 c:/users/fabri/downloads/gcc-arm-none-eabi-6-2017-q2-update-win32/bin/../lib/gcc/arm-none-eabi/6.3.1/../../../../arm-none-eabi/lib/thumb/v7e-m/fpv4-sp/softfp\libc.a(lib_a-memchr.o)
                0x0800c950                memchr
 .text          0x0800c9f0      0x134 c:/users/fabri/downloads/gcc-arm-none-eabi-6-2017-q2-update-win32/bin/../lib/gcc/arm-none-eabi/6.3.1/../../../../arm-none-eabi/lib/thumb/v7e-m/fpv4-sp/softfp\libc.a(lib_a-memcpy.o)
                0x0800c9f0                memcpy
 .text.__malloc_lock
                0x0800cb24        0xc c:/users/fabri/downloads/gcc-arm-none-eabi-6-2017-q2-update-win32/bin/../lib/gcc/arm-none-eabi/6.3.1/../../../../arm-none-eabi/lib/thumb/v7e-m/fpv4-sp/softfp\libc.a(lib_a-mlock.o)
                0x0800cb24                __malloc_lock
 .text.__malloc_unlock
                0x0800cb30        0xc c:/users/fabri/downloads/gcc-arm-none-eabi-6-2017-q2-update-win32/bin/../lib/gcc/arm-none-eabi/6.3.1/../../../../arm-none-eabi/lib/thumb/v7e-m/fpv4-sp/softfp\libc.a(lib_a-mlock.o)
                0x0800cb30                __malloc_unlock
 .text._Balloc  0x0800cb3c       0x4c c:/users/fabri/downloads/gcc-arm-none-eabi-6-2017-q2-update-win32/bin/../lib/gcc/arm-none-eabi/6.3.1/../../../../arm-none-eabi/lib/thumb/v7e-m/fpv4-sp/softfp\libc.a(lib_a-mprec.o)
                0x0800cb3c                _Balloc
 .text._Bfree   0x0800cb88       0x14 c:/users/fabri/downloads/gcc-arm-none-eabi-6-2017-q2-update-win32/bin/../lib/gcc/arm-none-eabi/6.3.1/../../../../arm-none-eabi/lib/thumb/v7e-m/fpv4-sp/softfp\libc.a(lib_a-mprec.o)
                0x0800cb88                _Bfree
 .text.__multadd
                0x0800cb9c       0x80 c:/users/fabri/downloads/gcc-arm-none-eabi-6-2017-q2-update-win32/bin/../lib/gcc/arm-none-eabi/6.3.1/../../../../arm-none-eabi/lib/thumb/v7e-m/fpv4-sp/softfp\libc.a(lib_a-mprec.o)
                0x0800cb9c                __multadd
 .text.__hi0bits
                0x0800cc1c       0x40 c:/users/fabri/downloads/gcc-arm-none-eabi-6-2017-q2-update-win32/bin/../lib/gcc/arm-none-eabi/6.3.1/../../../../arm-none-eabi/lib/thumb/v7e-m/fpv4-sp/softfp\libc.a(lib_a-mprec.o)
                0x0800cc1c                __hi0bits
 .text.__lo0bits
                0x0800cc5c       0x60 c:/users/fabri/downloads/gcc-arm-none-eabi-6-2017-q2-update-win32/bin/../lib/gcc/arm-none-eabi/6.3.1/../../../../arm-none-eabi/lib/thumb/v7e-m/fpv4-sp/softfp\libc.a(lib_a-mprec.o)
                0x0800cc5c                __lo0bits
 .text.__i2b    0x0800ccbc       0x14 c:/users/fabri/downloads/gcc-arm-none-eabi-6-2017-q2-update-win32/bin/../lib/gcc/arm-none-eabi/6.3.1/../../../../arm-none-eabi/lib/thumb/v7e-m/fpv4-sp/softfp\libc.a(lib_a-mprec.o)
                0x0800ccbc                __i2b
 .text.__multiply
                0x0800ccd0      0x124 c:/users/fabri/downloads/gcc-arm-none-eabi-6-2017-q2-update-win32/bin/../lib/gcc/arm-none-eabi/6.3.1/../../../../arm-none-eabi/lib/thumb/v7e-m/fpv4-sp/softfp\libc.a(lib_a-mprec.o)
                0x0800ccd0                __multiply
 .text.__pow5mult
                0x0800cdf4       0xa0 c:/users/fabri/downloads/gcc-arm-none-eabi-6-2017-q2-update-win32/bin/../lib/gcc/arm-none-eabi/6.3.1/../../../../arm-none-eabi/lib/thumb/v7e-m/fpv4-sp/softfp\libc.a(lib_a-mprec.o)
                0x0800cdf4                __pow5mult
 .text.__lshift
                0x0800ce94       0xa4 c:/users/fabri/downloads/gcc-arm-none-eabi-6-2017-q2-update-win32/bin/../lib/gcc/arm-none-eabi/6.3.1/../../../../arm-none-eabi/lib/thumb/v7e-m/fpv4-sp/softfp\libc.a(lib_a-mprec.o)
                0x0800ce94                __lshift
 .text.__mcmp   0x0800cf38       0x38 c:/users/fabri/downloads/gcc-arm-none-eabi-6-2017-q2-update-win32/bin/../lib/gcc/arm-none-eabi/6.3.1/../../../../arm-none-eabi/lib/thumb/v7e-m/fpv4-sp/softfp\libc.a(lib_a-mprec.o)
                0x0800cf38                __mcmp
 .text.__mdiff  0x0800cf70      0x108 c:/users/fabri/downloads/gcc-arm-none-eabi-6-2017-q2-update-win32/bin/../lib/gcc/arm-none-eabi/6.3.1/../../../../arm-none-eabi/lib/thumb/v7e-m/fpv4-sp/softfp\libc.a(lib_a-mprec.o)
                0x0800cf70                __mdiff
 .text.__d2b    0x0800d078       0xb8 c:/users/fabri/downloads/gcc-arm-none-eabi-6-2017-q2-update-win32/bin/../lib/gcc/arm-none-eabi/6.3.1/../../../../arm-none-eabi/lib/thumb/v7e-m/fpv4-sp/softfp\libc.a(lib_a-mprec.o)
                0x0800d078                __d2b
 .text._sbrk_r  0x0800d130       0x24 c:/users/fabri/downloads/gcc-arm-none-eabi-6-2017-q2-update-win32/bin/../lib/gcc/arm-none-eabi/6.3.1/../../../../arm-none-eabi/lib/thumb/v7e-m/fpv4-sp/softfp\libc.a(lib_a-sbrkr.o)
                0x0800d130                _sbrk_r
 .text.__ssprint_r
                0x0800d154       0xfc c:/users/fabri/downloads/gcc-arm-none-eabi-6-2017-q2-update-win32/bin/../lib/gcc/arm-none-eabi/6.3.1/../../../../arm-none-eabi/lib/thumb/v7e-m/fpv4-sp/softfp\libc.a(lib_a-svfiprintf.o)
                0x0800d154                __ssprint_r
 .text._calloc_r
                0x0800d250       0x60 c:/users/fabri/downloads/gcc-arm-none-eabi-6-2017-q2-update-win32/bin/../lib/gcc/arm-none-eabi/6.3.1/../../../../arm-none-eabi/lib/thumb/v7e-m/fpv4-sp/softfp\libc.a(lib_a-callocr.o)
                0x0800d250                _calloc_r
 .text._malloc_trim_r
                0x0800d2b0       0xa0 c:/users/fabri/downloads/gcc-arm-none-eabi-6-2017-q2-update-win32/bin/../lib/gcc/arm-none-eabi/6.3.1/../../../../arm-none-eabi/lib/thumb/v7e-m/fpv4-sp/softfp\libc.a(lib_a-freer.o)
                0x0800d2b0                _malloc_trim_r
 .text._free_r  0x0800d350      0x1cc c:/users/fabri/downloads/gcc-arm-none-eabi-6-2017-q2-update-win32/bin/../lib/gcc/arm-none-eabi/6.3.1/../../../../arm-none-eabi/lib/thumb/v7e-m/fpv4-sp/softfp\libc.a(lib_a-freer.o)
                0x0800d350                _free_r
 .text.__retarget_lock_acquire_recursive
                0x0800d51c        0x4 c:/users/fabri/downloads/gcc-arm-none-eabi-6-2017-q2-update-win32/bin/../lib/gcc/arm-none-eabi/6.3.1/../../../../arm-none-eabi/lib/thumb/v7e-m/fpv4-sp/softfp\libc.a(lib_a-lock.o)
                0x0800d51c                __retarget_lock_acquire_recursive
 .text.__retarget_lock_release_recursive
                0x0800d520        0x4 c:/users/fabri/downloads/gcc-arm-none-eabi-6-2017-q2-update-win32/bin/../lib/gcc/arm-none-eabi/6.3.1/../../../../arm-none-eabi/lib/thumb/v7e-m/fpv4-sp/softfp\libc.a(lib_a-lock.o)
                0x0800d520                __retarget_lock_release_recursive
 .text.__ascii_mbtowc
                0x0800d524       0x2c c:/users/fabri/downloads/gcc-arm-none-eabi-6-2017-q2-update-win32/bin/../lib/gcc/arm-none-eabi/6.3.1/../../../../arm-none-eabi/lib/thumb/v7e-m/fpv4-sp/softfp\libc.a(lib_a-mbtowc_r.o)
                0x0800d524                __ascii_mbtowc
 .text.memmove  0x0800d550       0xc8 c:/users/fabri/downloads/gcc-arm-none-eabi-6-2017-q2-update-win32/bin/../lib/gcc/arm-none-eabi/6.3.1/../../../../arm-none-eabi/lib/thumb/v7e-m/fpv4-sp/softfp\libc.a(lib_a-memmove.o)
                0x0800d550                memmove
 .text.memset   0x0800d618       0x9c c:/users/fabri/downloads/gcc-arm-none-eabi-6-2017-q2-update-win32/bin/../lib/gcc/arm-none-eabi/6.3.1/../../../../arm-none-eabi/lib/thumb/v7e-m/fpv4-sp/softfp\libc.a(lib_a-memset.o)
                0x0800d618                memset
 .text._realloc_r
                0x0800d6b4      0x34c c:/users/fabri/downloads/gcc-arm-none-eabi-6-2017-q2-update-win32/bin/../lib/gcc/arm-none-eabi/6.3.1/../../../../arm-none-eabi/lib/thumb/v7e-m/fpv4-sp/softfp\libc.a(lib_a-reallocr.o)
                0x0800d6b4                _realloc_r
 .text.__ascii_wctomb
                0x0800da00       0x1c c:/users/fabri/downloads/gcc-arm-none-eabi-6-2017-q2-update-win32/bin/../lib/gcc/arm-none-eabi/6.3.1/../../../../arm-none-eabi/lib/thumb/v7e-m/fpv4-sp/softfp\libc.a(lib_a-wctomb_r.o)
                0x0800da00                __ascii_wctomb
 .text          0x0800da1c       0x2c c:/users/fabri/downloads/gcc-arm-none-eabi-6-2017-q2-update-win32/bin/../lib/gcc/arm-none-eabi/6.3.1/thumb/v7e-m/fpv4-sp/softfp\libgcc.a(_arm_unorddf2.o)
                0x0800da1c                __unorddf2
                0x0800da1c                __aeabi_dcmpun
 .text          0x0800da48       0x30 c:/users/fabri/downloads/gcc-arm-none-eabi-6-2017-q2-update-win32/bin/../lib/gcc/arm-none-eabi/6.3.1/thumb/v7e-m/fpv4-sp/softfp\libgcc.a(_aeabi_uldivmod.o)
                0x0800da48                __aeabi_uldivmod
 .text          0x0800da78      0x2dc c:/users/fabri/downloads/gcc-arm-none-eabi-6-2017-q2-update-win32/bin/../lib/gcc/arm-none-eabi/6.3.1/thumb/v7e-m/fpv4-sp/softfp\libgcc.a(_udivmoddi4.o)
                0x0800da78                __udivmoddi4
 .text          0x0800dd54        0x4 c:/users/fabri/downloads/gcc-arm-none-eabi-6-2017-q2-update-win32/bin/../lib/gcc/arm-none-eabi/6.3.1/thumb/v7e-m/fpv4-sp/softfp\libgcc.a(_dvmd_tls.o)
                0x0800dd54                __aeabi_idiv0
                0x0800dd54                __aeabi_ldiv0
 *(.init)
 *(.fini)
 *crtbegin.o(.ctors)
 *crtbegin?.o(.ctors)
 *(EXCLUDE_FILE(*crtend.o *crtend?.o) .ctors)
 *(SORT(.ctors.*))
 *(.ctors)
 *crtbegin.o(.dtors)
 *crtbegin?.o(.dtors)
 *(EXCLUDE_FILE(*crtend.o *crtend?.o) .dtors)
 *(SORT(.dtors.*))
 *(.dtors)
 *(.rodata*)
 .rodata        0x0800dd58     0x29d0 ..\obj\fonts.o
                0x0800dd58                ASCII16x24_Table
                0x0800ef28                ASCII12x12_Table
                0x0800f828                ASCII8x12_Table
                0x08010128                ASCII8x8_Table
 .rodata        0x08010728     0x4000 ..\obj\arm_rfft_init_f32.o
 .rodata        0x08014728       0x2d ..\obj\stm32f4_discovery.o
                0x08014728                GPIO_PIN
                0x08014730                GPIO_CLK
                0x08014740                BUTTON_PIN
                0x08014744                BUTTON_CLK
                0x08014748                BUTTON_EXTI_LINE
                0x0801474c                BUTTON_PORT_SOURCE
                0x08014750                BUTTON_PIN_SOURCE
                0x08014754                BUTTON_IRQn
 *fill*         0x08014755        0x3 
 .rodata        0x08014758     0x2000 ..\obj\arm_cfft_radix4_init_f32.o
 .rodata        0x08016758      0x380 ..\obj\arm_common_tables.o
                0x08016758                armBitRevTable
                0x08016958                armRecipTableQ15
                0x080169d8                armRecipTableQ31
 .rodata        0x08016ad8      0x13e ..\obj\main.o
 *fill*         0x08016c16        0x2 
 .rodata.sqrtf.str1.4
                0x08016c18        0x6 c:/users/fabri/downloads/gcc-arm-none-eabi-6-2017-q2-update-win32/bin/../lib/gcc/arm-none-eabi/6.3.1/../../../../arm-none-eabi/lib/thumb/v7e-m/fpv4-sp/softfp\libm.a(lib_a-wf_sqrt.o)
 *fill*         0x08016c1e        0x2 
 .rodata.npio2_hw
                0x08016c20       0x80 c:/users/fabri/downloads/gcc-arm-none-eabi-6-2017-q2-update-win32/bin/../lib/gcc/arm-none-eabi/6.3.1/../../../../arm-none-eabi/lib/thumb/v7e-m/fpv4-sp/softfp\libm.a(lib_a-e_rem_pio2.o)
 .rodata.two_over_pi
                0x08016ca0      0x108 c:/users/fabri/downloads/gcc-arm-none-eabi-6-2017-q2-update-win32/bin/../lib/gcc/arm-none-eabi/6.3.1/../../../../arm-none-eabi/lib/thumb/v7e-m/fpv4-sp/softfp\libm.a(lib_a-e_rem_pio2.o)
 .rodata.PIo2   0x08016da8       0x40 c:/users/fabri/downloads/gcc-arm-none-eabi-6-2017-q2-update-win32/bin/../lib/gcc/arm-none-eabi/6.3.1/../../../../arm-none-eabi/lib/thumb/v7e-m/fpv4-sp/softfp\libm.a(lib_a-k_rem_pio2.o)
 .rodata.init_jk
                0x08016de8       0x10 c:/users/fabri/downloads/gcc-arm-none-eabi-6-2017-q2-update-win32/bin/../lib/gcc/arm-none-eabi/6.3.1/../../../../arm-none-eabi/lib/thumb/v7e-m/fpv4-sp/softfp\libm.a(lib_a-k_rem_pio2.o)
 .rodata._svfprintf_r.str1.4
                0x08016df8       0x42 c:/users/fabri/downloads/gcc-arm-none-eabi-6-2017-q2-update-win32/bin/../lib/gcc/arm-none-eabi/6.3.1/../../../../arm-none-eabi/lib/thumb/v7e-m/fpv4-sp/softfp\libc.a(lib_a-svfprintf.o)
 *fill*         0x08016e3a        0x2 
 .rodata.blanks.8346
                0x08016e3c       0x10 c:/users/fabri/downloads/gcc-arm-none-eabi-6-2017-q2-update-win32/bin/../lib/gcc/arm-none-eabi/6.3.1/../../../../arm-none-eabi/lib/thumb/v7e-m/fpv4-sp/softfp\libc.a(lib_a-svfprintf.o)
 .rodata.zeroes.8347
                0x08016e4c       0x10 c:/users/fabri/downloads/gcc-arm-none-eabi-6-2017-q2-update-win32/bin/../lib/gcc/arm-none-eabi/6.3.1/../../../../arm-none-eabi/lib/thumb/v7e-m/fpv4-sp/softfp\libc.a(lib_a-svfprintf.o)
 .rodata._dtoa_r.str1.4
                0x08016e5c       0x10 c:/users/fabri/downloads/gcc-arm-none-eabi-6-2017-q2-update-win32/bin/../lib/gcc/arm-none-eabi/6.3.1/../../../../arm-none-eabi/lib/thumb/v7e-m/fpv4-sp/softfp\libc.a(lib_a-dtoa.o)
                                 0x12 (size before relaxing)
 *fill*         0x08016e6c        0x4 
 .rodata.__mprec_bigtens
                0x08016e70       0x28 c:/users/fabri/downloads/gcc-arm-none-eabi-6-2017-q2-update-win32/bin/../lib/gcc/arm-none-eabi/6.3.1/../../../../arm-none-eabi/lib/thumb/v7e-m/fpv4-sp/softfp\libc.a(lib_a-mprec.o)
                0x08016e70                __mprec_bigtens
 .rodata.__mprec_tens
                0x08016e98       0xc8 c:/users/fabri/downloads/gcc-arm-none-eabi-6-2017-q2-update-win32/bin/../lib/gcc/arm-none-eabi/6.3.1/../../../../arm-none-eabi/lib/thumb/v7e-m/fpv4-sp/softfp\libc.a(lib_a-mprec.o)
                0x08016e98                __mprec_tens
 .rodata.p05.7178
                0x08016f60        0xc c:/users/fabri/downloads/gcc-arm-none-eabi-6-2017-q2-update-win32/bin/../lib/gcc/arm-none-eabi/6.3.1/../../../../arm-none-eabi/lib/thumb/v7e-m/fpv4-sp/softfp\libc.a(lib_a-mprec.o)
 .rodata._setlocale_r.str1.4
                0x08016f6c        0xa c:/users/fabri/downloads/gcc-arm-none-eabi-6-2017-q2-update-win32/bin/../lib/gcc/arm-none-eabi/6.3.1/../../../../arm-none-eabi/lib/thumb/v7e-m/fpv4-sp/softfp\libc.a(lib_a-locale.o)
                                  0xd (size before relaxing)
 *fill*         0x08016f76        0x2 
 .rodata.str1.4
                0x08016f78        0x4 c:/users/fabri/downloads/gcc-arm-none-eabi-6-2017-q2-update-win32/bin/../lib/gcc/arm-none-eabi/6.3.1/../../../../arm-none-eabi/lib/thumb/v7e-m/fpv4-sp/softfp\libc.a(lib_a-locale.o)
                                  0x2 (size before relaxing)
 .rodata._ctype_
                0x08016f7c      0x101 c:/users/fabri/downloads/gcc-arm-none-eabi-6-2017-q2-update-win32/bin/../lib/gcc/arm-none-eabi/6.3.1/../../../../arm-none-eabi/lib/thumb/v7e-m/fpv4-sp/softfp\libc.a(lib_a-ctype_.o)
                0x08016f7c                _ctype_
 *(.eh_fram e*)

.glue_7         0x08017080        0x0
 .glue_7        0x08017080        0x0 linker stubs

.glue_7t        0x08017080        0x0
 .glue_7t       0x08017080        0x0 linker stubs

.vfp11_veneer   0x08017080        0x0
 .vfp11_veneer  0x08017080        0x0 linker stubs

.v4_bx          0x08017080        0x0
 .v4_bx         0x08017080        0x0 linker stubs

.iplt           0x08017080        0x0
 .iplt          0x08017080        0x0 ..\obj\stm32f4xx_gpio.o

.ARM.extab
 *(.ARM.extab* .gnu.linkonce.armextab.*)
                0x08017080                __exidx_start = .

.ARM.exidx      0x08017080        0x8
 *(.ARM.exidx* .gnu.linkonce.armexidx.*)
 .ARM.exidx     0x08017080        0x8 c:/users/fabri/downloads/gcc-arm-none-eabi-6-2017-q2-update-win32/bin/../lib/gcc/arm-none-eabi/6.3.1/thumb/v7e-m/fpv4-sp/softfp\libgcc.a(_udivmoddi4.o)
                0x08017088                __exidx_end = .
                0x08017088                __etext = .
                0x08017088                _sidata = __etext

.rel.dyn        0x08017088        0x0
 .rel.iplt      0x08017088        0x0 ..\obj\stm32f4xx_gpio.o

.data           0x20000000      0xd0c load address 0x08017088
                0x20000000                __data_start__ = .
                0x20000000                _sdata = __data_start__
 *(vtable)
 *(.data*)
 .data          0x20000000       0x20 ..\obj\fonts.o
                0x20000000                Font16x24
                0x20000008                Font12x12
                0x20000010                Font8x12
                0x20000018                Font8x8
 .data          0x20000020       0x10 ..\obj\stm32f4xx_rcc.o
 .data          0x20000030       0x14 ..\obj\stm32f4_discovery.o
                0x20000030                GPIO_PORT
                0x20000040                BUTTON_PORT
 .data          0x20000044       0x14 ..\obj\system_stm32f4xx.o
                0x20000044                SystemCoreClock
                0x20000048                AHBPrescTable
 .data          0x20000058        0x4 ..\obj\stm32f4_discovery_lcd.o
                0x2000005a                BackgroundColor
 .data.T0       0x2000005c      0x100 ..\..\..\libpdmfilter_gcc.a(pdm_filter.o)
                0x2000005c                T0
 .data.T1       0x2000015c      0x100 ..\..\..\libpdmfilter_gcc.a(pdm_filter.o)
                0x2000015c                T1
 .data.T2       0x2000025c      0x100 ..\..\..\libpdmfilter_gcc.a(pdm_filter.o)
                0x2000025c                T2
 .data.__fdlib_version
                0x2000035c        0x1 c:/users/fabri/downloads/gcc-arm-none-eabi-6-2017-q2-update-win32/bin/../lib/gcc/arm-none-eabi/6.3.1/../../../../arm-none-eabi/lib/thumb/v7e-m/fpv4-sp/softfp\libm.a(lib_a-s_lib_ver.o)
                0x2000035c                __fdlib_version
 *fill*         0x2000035d        0x3 
 .data._impure_ptr
                0x20000360        0x4 c:/users/fabri/downloads/gcc-arm-none-eabi-6-2017-q2-update-win32/bin/../lib/gcc/arm-none-eabi/6.3.1/../../../../arm-none-eabi/lib/thumb/v7e-m/fpv4-sp/softfp\libc.a(lib_a-impure.o)
                0x20000360                _impure_ptr
 *fill*         0x20000364        0x4 
 .data.impure_data
                0x20000368      0x428 c:/users/fabri/downloads/gcc-arm-none-eabi-6-2017-q2-update-win32/bin/../lib/gcc/arm-none-eabi/6.3.1/../../../../arm-none-eabi/lib/thumb/v7e-m/fpv4-sp/softfp\libc.a(lib_a-impure.o)
 .data.__malloc_av_
                0x20000790      0x408 c:/users/fabri/downloads/gcc-arm-none-eabi-6-2017-q2-update-win32/bin/../lib/gcc/arm-none-eabi/6.3.1/../../../../arm-none-eabi/lib/thumb/v7e-m/fpv4-sp/softfp\libc.a(lib_a-mallocr.o)
                0x20000790                __malloc_av_
 .data.__malloc_sbrk_base
                0x20000b98        0x4 c:/users/fabri/downloads/gcc-arm-none-eabi-6-2017-q2-update-win32/bin/../lib/gcc/arm-none-eabi/6.3.1/../../../../arm-none-eabi/lib/thumb/v7e-m/fpv4-sp/softfp\libc.a(lib_a-mallocr.o)
                0x20000b98                __malloc_sbrk_base
 .data.__malloc_trim_threshold
                0x20000b9c        0x4 c:/users/fabri/downloads/gcc-arm-none-eabi-6-2017-q2-update-win32/bin/../lib/gcc/arm-none-eabi/6.3.1/../../../../arm-none-eabi/lib/thumb/v7e-m/fpv4-sp/softfp\libc.a(lib_a-mallocr.o)
                0x20000b9c                __malloc_trim_threshold
 .data.__global_locale
                0x20000ba0      0x16c c:/users/fabri/downloads/gcc-arm-none-eabi-6-2017-q2-update-win32/bin/../lib/gcc/arm-none-eabi/6.3.1/../../../../arm-none-eabi/lib/thumb/v7e-m/fpv4-sp/softfp\libc.a(lib_a-locale.o)
                0x20000ba0                __global_locale
                0x20000d0c                . = ALIGN (0x4)
                [!provide]                PROVIDE (__preinit_array_start, .)
 *(.preinit_array)
                [!provide]                PROVIDE (__preinit_array_end, .)
                0x20000d0c                . = ALIGN (0x4)
                [!provide]                PROVIDE (__init_array_start, .)
 *(SORT(.init_array.*))
 *(.init_array)
                [!provide]                PROVIDE (__init_array_end, .)
                0x20000d0c                . = ALIGN (0x4)
                [!provide]                PROVIDE (__fini_array_start, .)
 *(SORT(.fini_array.*))
 *(.fini_array)
                [!provide]                PROVIDE (__fini_array_end, .)
 *(.jcr*)
                0x20000d0c                . = ALIGN (0x4)
                0x20000d0c                __data_end__ = .
                0x20000d0c                _edata = __data_end__

.igot.plt       0x20000d0c        0x0 load address 0x08017d94
 .igot.plt      0x20000d0c        0x0 ..\obj\stm32f4xx_gpio.o

.bss            0x20000d0c     0x3a8c load address 0x08017d94
                0x20000d0c                . = ALIGN (0x4)
                0x20000d0c                __bss_start__ = .
                0x20000d0c                _sbss = __bss_start__
 *(.bss*)
 .bss           0x20000d0c        0x8 ..\obj\stm32f4xx_it.o
                0x20000d0c                InternalBufferSize
                0x20000d10                Data_Status
 .bss           0x20000d14        0x4 ..\obj\syscalls.o
 .bss           0x20000d18        0x8 ..\obj\stm32f4_discovery_lcd.o
                0x20000d1e                ForegroundColor
 .bss.stm32_crc
                0x20000d20        0x4 ..\..\..\libpdmfilter_gcc.a(pdm_filter.o)
                0x20000d20                stm32_crc
 .bss.__malloc_current_mallinfo
                0x20000d24       0x28 c:/users/fabri/downloads/gcc-arm-none-eabi-6-2017-q2-update-win32/bin/../lib/gcc/arm-none-eabi/6.3.1/../../../../arm-none-eabi/lib/thumb/v7e-m/fpv4-sp/softfp\libc.a(lib_a-mallocr.o)
                0x20000d24                __malloc_current_mallinfo
 .bss.__malloc_max_sbrked_mem
                0x20000d4c        0x4 c:/users/fabri/downloads/gcc-arm-none-eabi-6-2017-q2-update-win32/bin/../lib/gcc/arm-none-eabi/6.3.1/../../../../arm-none-eabi/lib/thumb/v7e-m/fpv4-sp/softfp\libc.a(lib_a-mallocr.o)
                0x20000d4c                __malloc_max_sbrked_mem
 .bss.__malloc_max_total_mem
                0x20000d50        0x4 c:/users/fabri/downloads/gcc-arm-none-eabi-6-2017-q2-update-win32/bin/../lib/gcc/arm-none-eabi/6.3.1/../../../../arm-none-eabi/lib/thumb/v7e-m/fpv4-sp/softfp\libc.a(lib_a-mallocr.o)
                0x20000d50                __malloc_max_total_mem
 .bss.__malloc_top_pad
                0x20000d54        0x4 c:/users/fabri/downloads/gcc-arm-none-eabi-6-2017-q2-update-win32/bin/../lib/gcc/arm-none-eabi/6.3.1/../../../../arm-none-eabi/lib/thumb/v7e-m/fpv4-sp/softfp\libc.a(lib_a-mallocr.o)
                0x20000d54                __malloc_top_pad
 *(COMMON)
 COMMON         0x20000d58     0x3a18 ..\obj\main.o
                0x20000d58                PDM_Input_Buffer
                0x20000e58                g_SPECTRUM_Ypos
                0x20000e5c                buffer_output_mag
                0x20001e5c                buffer_output_mag_copy
                0x2000225c                S
                0x20002274                g_SPECTRUM_Xpos
                0x20002278                buffer_output
                0x20003278                text
                0x200032dc                mode
                0x200032e0                Filter
                0x20003314                maxvalue
                0x20003318                buffer_input
                0x20004318                S_CFFT
                0x2000432c                PCM_Output_Buffer
                0x2000436c                maxvalueindex
                0x20004370                buffer_input_copy
 COMMON         0x20004770       0x21 c:/users/fabri/downloads/gcc-arm-none-eabi-6-2017-q2-update-win32/bin/../lib/gcc/arm-none-eabi/6.3.1/../../../../arm-none-eabi/lib/thumb/v7e-m/fpv4-sp/softfp\libc.a(lib_a-lock.o)
                0x20004770                __lock___atexit_recursive_mutex
                0x20004774                __lock___arc4random_mutex
                0x20004778                __lock___env_recursive_mutex
                0x2000477c                __lock___sinit_recursive_mutex
                0x20004780                __lock___malloc_recursive_mutex
                0x20004784                __lock___at_quick_exit_mutex
                0x20004788                __lock___dd_hash_mutex
                0x2000478c                __lock___tz_mutex
                0x20004790                __lock___sfp_recursive_mutex
 *fill*         0x20004791        0x3 
 COMMON         0x20004794        0x4 c:/users/fabri/downloads/gcc-arm-none-eabi-6-2017-q2-update-win32/bin/../lib/gcc/arm-none-eabi/6.3.1/../../../../arm-none-eabi/lib/thumb/v7e-m/fpv4-sp/softfp\libc.a(lib_a-reent.o)
                0x20004794                errno
                0x20004798                . = ALIGN (0x4)
                0x20004798                __bss_end__ = .
                0x20004798                _ebss = __bss_end__

.heap           0x20004798        0x0
                0x20004798                __end__ = .
                0x20004798                _end = __end__
                0x20004798                end = __end__
 *(.heap*)
                0x20004798                __HeapLimit = .

.co_stack       0x20004798      0x800 load address 0x0801b820
                0x20004798                . = ALIGN (0x8)
 *(.co_stack .co_stack.*)
 .co_stack      0x20004798      0x800 ..\obj\startup_stm32f4xx.o
                0x20004798                pulStack
                0x20020000                __StackTop = (ORIGIN (ram) + LENGTH (ram))
                0x2001f800                __StackLimit = (__StackTop - SIZEOF (.co_stack))
                [!provide]                PROVIDE (__stack, __StackTop)
                0x00000001                ASSERT ((__StackLimit >= __HeapLimit), region ram  overflowed with stack)
LOAD ..\obj\stm32f4xx_gpio.o
LOAD ..\obj\arm_rfft_f32.o
LOAD ..\obj\stm32f4xx_fsmc.o
LOAD ..\obj\arm_max_f32.o
LOAD ..\obj\fonts.o
LOAD ..\obj\stm32f4xx_spi.o
LOAD ..\obj\stm32f4xx_crc.o
LOAD ..\obj\stm32f4xx_it.o
LOAD ..\obj\misc.o
LOAD ..\obj\syscalls.o
LOAD ..\obj\arm_rfft_init_f32.o
LOAD ..\obj\stm32f4xx_syscfg.o
LOAD ..\obj\startup_stm32f4xx.o
LOAD ..\obj\stm32f4xx_rcc.o
LOAD ..\obj\stm32f4_discovery.o
LOAD ..\obj\arm_cfft_radix4_init_f32.o
LOAD ..\obj\stm32f4xx_exti.o
LOAD ..\obj\system_stm32f4xx.o
LOAD ..\obj\arm_common_tables.o
LOAD ..\obj\stm32f4_discovery_lcd.o
LOAD ..\obj\arm_cmplx_mag_f32.o
LOAD ..\obj\arm_cfft_radix4_f32.o
LOAD ..\obj\main.o
LOAD ..\..\..\libpdmfilter_gcc.a
LOAD c:/users/fabri/downloads/gcc-arm-none-eabi-6-2017-q2-update-win32/bin/../lib/gcc/arm-none-eabi/6.3.1/../../../../arm-none-eabi/lib/thumb/v7e-m/fpv4-sp/softfp\libm.a
LOAD c:/users/fabri/downloads/gcc-arm-none-eabi-6-2017-q2-update-win32/bin/../lib/gcc/arm-none-eabi/6.3.1/thumb/v7e-m/fpv4-sp/softfp\libgcc.a
LOAD c:/users/fabri/downloads/gcc-arm-none-eabi-6-2017-q2-update-win32/bin/../lib/gcc/arm-none-eabi/6.3.1/../../../../arm-none-eabi/lib/thumb/v7e-m/fpv4-sp/softfp\libc.a
START GROUP
LOAD c:/users/fabri/downloads/gcc-arm-none-eabi-6-2017-q2-update-win32/bin/../lib/gcc/arm-none-eabi/6.3.1/thumb/v7e-m/fpv4-sp/softfp\libgcc.a
LOAD c:/users/fabri/downloads/gcc-arm-none-eabi-6-2017-q2-update-win32/bin/../lib/gcc/arm-none-eabi/6.3.1/../../../../arm-none-eabi/lib/thumb/v7e-m/fpv4-sp/softfp\libg.a
LOAD c:/users/fabri/downloads/gcc-arm-none-eabi-6-2017-q2-update-win32/bin/../lib/gcc/arm-none-eabi/6.3.1/../../../../arm-none-eabi/lib/thumb/v7e-m/fpv4-sp/softfp\libc.a
END GROUP
OUTPUT(DevKit407_AudioSpectrumAnalyzer.elf elf32-littlearm)

.debug_info     0x00000000     0xd16f
 .debug_info    0x00000000      0x621 ..\obj\stm32f4xx_gpio.o
 .debug_info    0x00000621      0xca4 ..\obj\arm_rfft_f32.o
 .debug_info    0x000012c5      0x904 ..\obj\stm32f4xx_fsmc.o
 .debug_info    0x00001bc9      0x990 ..\obj\arm_max_f32.o
 .debug_info    0x00002559      0x1b1 ..\obj\fonts.o
 .debug_info    0x0000270a      0xb16 ..\obj\stm32f4xx_spi.o
 .debug_info    0x00003220      0x3a9 ..\obj\stm32f4xx_it.o
 .debug_info    0x000035c9      0x549 ..\obj\misc.o
 .debug_info    0x00003b12      0xc94 ..\obj\syscalls.o
 .debug_info    0x000047a6      0xb2f ..\obj\arm_rfft_init_f32.o
 .debug_info    0x000052d5      0x27f ..\obj\stm32f4xx_syscfg.o
 .debug_info    0x00005554      0x10f ..\obj\startup_stm32f4xx.o
 .debug_info    0x00005663      0xc6e ..\obj\stm32f4xx_rcc.o
 .debug_info    0x000062d1      0x8aa ..\obj\stm32f4_discovery.o
 .debug_info    0x00006b7b      0xb3a ..\obj\arm_cfft_radix4_init_f32.o
 .debug_info    0x000076b5      0x362 ..\obj\stm32f4xx_exti.o
 .debug_info    0x00007a17      0x5cc ..\obj\system_stm32f4xx.o
 .debug_info    0x00007fe3      0x9af ..\obj\arm_common_tables.o
 .debug_info    0x00008992     0x1c46 ..\obj\stm32f4_discovery_lcd.o
 .debug_info    0x0000a5d8      0x9e6 ..\obj\arm_cmplx_mag_f32.o
 .debug_info    0x0000afbe      0xdcd ..\obj\arm_cfft_radix4_f32.o
 .debug_info    0x0000bd8b     0x13e4 ..\obj\main.o

.debug_abbrev   0x00000000     0x27be
 .debug_abbrev  0x00000000      0x1b6 ..\obj\stm32f4xx_gpio.o
 .debug_abbrev  0x000001b6      0x247 ..\obj\arm_rfft_f32.o
 .debug_abbrev  0x000003fd      0x19b ..\obj\stm32f4xx_fsmc.o
 .debug_abbrev  0x00000598      0x1e6 ..\obj\arm_max_f32.o
 .debug_abbrev  0x0000077e       0xb1 ..\obj\fonts.o
 .debug_abbrev  0x0000082f      0x178 ..\obj\stm32f4xx_spi.o
 .debug_abbrev  0x000009a7      0x167 ..\obj\stm32f4xx_it.o
 .debug_abbrev  0x00000b0e      0x170 ..\obj\misc.o
 .debug_abbrev  0x00000c7e      0x20d ..\obj\syscalls.o
 .debug_abbrev  0x00000e8b      0x20d ..\obj\arm_rfft_init_f32.o
 .debug_abbrev  0x00001098      0x144 ..\obj\stm32f4xx_syscfg.o
 .debug_abbrev  0x000011dc       0xbf ..\obj\startup_stm32f4xx.o
 .debug_abbrev  0x0000129b      0x1f6 ..\obj\stm32f4xx_rcc.o
 .debug_abbrev  0x00001491      0x1bb ..\obj\stm32f4_discovery.o
 .debug_abbrev  0x0000164c      0x21e ..\obj\arm_cfft_radix4_init_f32.o
 .debug_abbrev  0x0000186a      0x1ba ..\obj\stm32f4xx_exti.o
 .debug_abbrev  0x00001a24      0x156 ..\obj\system_stm32f4xx.o
 .debug_abbrev  0x00001b7a      0x1ac ..\obj\arm_common_tables.o
 .debug_abbrev  0x00001d26      0x35d ..\obj\stm32f4_discovery_lcd.o
 .debug_abbrev  0x00002083      0x21c ..\obj\arm_cmplx_mag_f32.o
 .debug_abbrev  0x0000229f      0x247 ..\obj\arm_cfft_radix4_f32.o
 .debug_abbrev  0x000024e6      0x2d8 ..\obj\main.o

.debug_aranges  0x00000000      0x2b0
 .debug_aranges
                0x00000000       0x20 ..\obj\stm32f4xx_gpio.o
 .debug_aranges
                0x00000020       0x20 ..\obj\arm_rfft_f32.o
 .debug_aranges
                0x00000040       0x20 ..\obj\stm32f4xx_fsmc.o
 .debug_aranges
                0x00000060       0x20 ..\obj\arm_max_f32.o
 .debug_aranges
                0x00000080       0x18 ..\obj\fonts.o
 .debug_aranges
                0x00000098       0x20 ..\obj\stm32f4xx_spi.o
 .debug_aranges
                0x000000b8       0x20 ..\obj\stm32f4xx_it.o
 .debug_aranges
                0x000000d8       0x20 ..\obj\misc.o
 .debug_aranges
                0x000000f8       0x20 ..\obj\syscalls.o
 .debug_aranges
                0x00000118       0x20 ..\obj\arm_rfft_init_f32.o
 .debug_aranges
                0x00000138       0x20 ..\obj\stm32f4xx_syscfg.o
 .debug_aranges
                0x00000158       0x20 ..\obj\startup_stm32f4xx.o
 .debug_aranges
                0x00000178       0x20 ..\obj\stm32f4xx_rcc.o
 .debug_aranges
                0x00000198       0x20 ..\obj\stm32f4_discovery.o
 .debug_aranges
                0x000001b8       0x20 ..\obj\arm_cfft_radix4_init_f32.o
 .debug_aranges
                0x000001d8       0x20 ..\obj\stm32f4xx_exti.o
 .debug_aranges
                0x000001f8       0x20 ..\obj\system_stm32f4xx.o
 .debug_aranges
                0x00000218       0x18 ..\obj\arm_common_tables.o
 .debug_aranges
                0x00000230       0x20 ..\obj\stm32f4_discovery_lcd.o
 .debug_aranges
                0x00000250       0x20 ..\obj\arm_cmplx_mag_f32.o
 .debug_aranges
                0x00000270       0x20 ..\obj\arm_cfft_radix4_f32.o
 .debug_aranges
                0x00000290       0x20 ..\obj\main.o

.debug_line     0x00000000     0x656f
 .debug_line    0x00000000      0x4ff ..\obj\stm32f4xx_gpio.o
 .debug_line    0x000004ff      0x3e8 ..\obj\arm_rfft_f32.o
 .debug_line    0x000008e7      0x5ea ..\obj\stm32f4xx_fsmc.o
 .debug_line    0x00000ed1      0x39d ..\obj\arm_max_f32.o
 .debug_line    0x0000126e      0x1c3 ..\obj\fonts.o
 .debug_line    0x00001431      0x567 ..\obj\stm32f4xx_spi.o
 .debug_line    0x00001998      0x3a3 ..\obj\stm32f4xx_it.o
 .debug_line    0x00001d3b      0x456 ..\obj\misc.o
 .debug_line    0x00002191      0x2f6 ..\obj\syscalls.o
 .debug_line    0x00002487      0x3a9 ..\obj\arm_rfft_init_f32.o
 .debug_line    0x00002830      0x393 ..\obj\stm32f4xx_syscfg.o
 .debug_line    0x00002bc3      0x118 ..\obj\startup_stm32f4xx.o
 .debug_line    0x00002cdb      0x5c3 ..\obj\stm32f4xx_rcc.o
 .debug_line    0x0000329e      0x4a0 ..\obj\stm32f4_discovery.o
 .debug_line    0x0000373e      0x3ce ..\obj\arm_cfft_radix4_init_f32.o
 .debug_line    0x00003b0c      0x492 ..\obj\stm32f4xx_exti.o
 .debug_line    0x00003f9e      0x31f ..\obj\system_stm32f4xx.o
 .debug_line    0x000042bd      0x37d ..\obj\arm_common_tables.o
 .debug_line    0x0000463a      0xa63 ..\obj\stm32f4_discovery_lcd.o
 .debug_line    0x0000509d      0x3c8 ..\obj\arm_cmplx_mag_f32.o
 .debug_line    0x00005465      0x847 ..\obj\arm_cfft_radix4_f32.o
 .debug_line    0x00005cac      0x8c3 ..\obj\main.o

.debug_str      0x00000000     0x428b
 .debug_str     0x00000000      0x4ea ..\obj\stm32f4xx_gpio.o
                                0x546 (size before relaxing)
 .debug_str     0x000004ea      0x67e ..\obj\arm_rfft_f32.o
                                0x81b (size before relaxing)
 .debug_str     0x00000b68      0x67f ..\obj\stm32f4xx_fsmc.o
                                0x82d (size before relaxing)
 .debug_str     0x000011e7      0x10b ..\obj\arm_max_f32.o
                                0x69e (size before relaxing)
 .debug_str     0x000012f2      0x13b ..\obj\fonts.o
                                0x270 (size before relaxing)
 .debug_str     0x0000142d      0x541 ..\obj\stm32f4xx_spi.o
                                0x72d (size before relaxing)
 .debug_str     0x0000196e      0x1f0 ..\obj\stm32f4xx_it.o
                                0x414 (size before relaxing)
 .debug_str     0x00001b5e      0x2a7 ..\obj\misc.o
                                0x471 (size before relaxing)
 .debug_str     0x00001e05      0x2d8 ..\obj\syscalls.o
                                0x845 (size before relaxing)
 .debug_str     0x000020dd      0x193 ..\obj\arm_rfft_init_f32.o
                                0x84a (size before relaxing)
 .debug_str     0x00002270      0x1e4 ..\obj\stm32f4xx_syscfg.o
                                0x397 (size before relaxing)
 .debug_str     0x00002454      0x143 ..\obj\startup_stm32f4xx.o
                                0x1ec (size before relaxing)
 .debug_str     0x00002597      0x5f2 ..\obj\stm32f4xx_rcc.o
                                0x8f3 (size before relaxing)
 .debug_str     0x00002b89      0x834 ..\obj\stm32f4_discovery.o
                                0xbd2 (size before relaxing)
 .debug_str     0x000033bd      0x161 ..\obj\arm_cfft_radix4_init_f32.o
                                0x837 (size before relaxing)
 .debug_str     0x0000351e      0x181 ..\obj\stm32f4xx_exti.o
                                0x3fc (size before relaxing)
 .debug_str     0x0000369f      0x135 ..\obj\system_stm32f4xx.o
                                0x43d (size before relaxing)
 .debug_str     0x000037d4       0xce ..\obj\arm_common_tables.o
                                0x6b3 (size before relaxing)
 .debug_str     0x000038a2      0x5b8 ..\obj\stm32f4_discovery_lcd.o
                               0x1030 (size before relaxing)
 .debug_str     0x00003e5a      0x113 ..\obj\arm_cmplx_mag_f32.o
                                0x74b (size before relaxing)
 .debug_str     0x00003f6d      0x15d ..\obj\arm_cfft_radix4_f32.o
                                0x79c (size before relaxing)
 .debug_str     0x000040ca      0x1c1 ..\obj\main.o
                               0x12a6 (size before relaxing)

.comment        0x00000000       0xe0
 .comment       0x00000000       0x7f ..\obj\stm32f4xx_gpio.o
                                 0x80 (size before relaxing)
 .comment       0x0000007f       0x80 ..\obj\arm_rfft_f32.o
 .comment       0x0000007f       0x80 ..\obj\stm32f4xx_fsmc.o
 .comment       0x0000007f       0x80 ..\obj\arm_max_f32.o
 .comment       0x0000007f       0x80 ..\obj\fonts.o
 .comment       0x0000007f       0x80 ..\obj\stm32f4xx_spi.o
 .comment       0x0000007f       0x80 ..\obj\stm32f4xx_it.o
 .comment       0x0000007f       0x80 ..\obj\misc.o
 .comment       0x0000007f       0x80 ..\obj\syscalls.o
 .comment       0x0000007f       0x80 ..\obj\arm_rfft_init_f32.o
 .comment       0x0000007f       0x80 ..\obj\stm32f4xx_syscfg.o
 .comment       0x0000007f       0x80 ..\obj\startup_stm32f4xx.o
 .comment       0x0000007f       0x80 ..\obj\stm32f4xx_rcc.o
 .comment       0x0000007f       0x80 ..\obj\stm32f4_discovery.o
 .comment       0x0000007f       0x80 ..\obj\arm_cfft_radix4_init_f32.o
 .comment       0x0000007f       0x80 ..\obj\stm32f4xx_exti.o
 .comment       0x0000007f       0x80 ..\obj\system_stm32f4xx.o
 .comment       0x0000007f       0x80 ..\obj\arm_common_tables.o
 .comment       0x0000007f       0x80 ..\obj\stm32f4_discovery_lcd.o
 .comment       0x0000007f       0x80 ..\obj\arm_cmplx_mag_f32.o
 .comment       0x0000007f       0x80 ..\obj\arm_cfft_radix4_f32.o
 .comment       0x0000007f       0x80 ..\obj\main.o
 .comment       0x0000007f       0x61 ..\..\..\libpdmfilter_gcc.a(pdm_filter.o)
                                 0x62 (size before relaxing)

.ARM.attributes
                0x00000000       0x35
 .ARM.attributes
                0x00000000       0x37 ..\obj\stm32f4xx_gpio.o
 .ARM.attributes
                0x00000037       0x37 ..\obj\arm_rfft_f32.o
 .ARM.attributes
                0x0000006e       0x37 ..\obj\stm32f4xx_fsmc.o
 .ARM.attributes
                0x000000a5       0x37 ..\obj\arm_max_f32.o
 .ARM.attributes
                0x000000dc       0x37 ..\obj\fonts.o
 .ARM.attributes
                0x00000113       0x37 ..\obj\stm32f4xx_spi.o
 .ARM.attributes
                0x0000014a       0x37 ..\obj\stm32f4xx_it.o
 .ARM.attributes
                0x00000181       0x37 ..\obj\misc.o
 .ARM.attributes
                0x000001b8       0x37 ..\obj\syscalls.o
 .ARM.attributes
                0x000001ef       0x37 ..\obj\arm_rfft_init_f32.o
 .ARM.attributes
                0x00000226       0x37 ..\obj\stm32f4xx_syscfg.o
 .ARM.attributes
                0x0000025d       0x37 ..\obj\startup_stm32f4xx.o
 .ARM.attributes
                0x00000294       0x37 ..\obj\stm32f4xx_rcc.o
 .ARM.attributes
                0x000002cb       0x37 ..\obj\stm32f4_discovery.o
 .ARM.attributes
                0x00000302       0x37 ..\obj\arm_cfft_radix4_init_f32.o
 .ARM.attributes
                0x00000339       0x37 ..\obj\stm32f4xx_exti.o
 .ARM.attributes
                0x00000370       0x37 ..\obj\system_stm32f4xx.o
 .ARM.attributes
                0x000003a7       0x37 ..\obj\arm_common_tables.o
 .ARM.attributes
                0x000003de       0x37 ..\obj\stm32f4_discovery_lcd.o
 .ARM.attributes
                0x00000415       0x37 ..\obj\arm_cmplx_mag_f32.o
 .ARM.attributes
                0x0000044c       0x37 ..\obj\arm_cfft_radix4_f32.o
 .ARM.attributes
                0x00000483       0x37 ..\obj\main.o
 .ARM.attributes
                0x000004ba       0x31 ..\..\..\libpdmfilter_gcc.a(pdm_filter.o)
 .ARM.attributes
                0x000004eb       0x32 c:/users/fabri/downloads/gcc-arm-none-eabi-6-2017-q2-update-win32/bin/../lib/gcc/arm-none-eabi/6.3.1/../../../../arm-none-eabi/lib/thumb/v7e-m/fpv4-sp/softfp\libm.a(lib_a-s_lround.o)
 .ARM.attributes
                0x0000051d       0x32 c:/users/fabri/downloads/gcc-arm-none-eabi-6-2017-q2-update-win32/bin/../lib/gcc/arm-none-eabi/6.3.1/../../../../arm-none-eabi/lib/thumb/v7e-m/fpv4-sp/softfp\libm.a(lib_a-s_sin.o)
 .ARM.attributes
                0x0000054f       0x32 c:/users/fabri/downloads/gcc-arm-none-eabi-6-2017-q2-update-win32/bin/../lib/gcc/arm-none-eabi/6.3.1/../../../../arm-none-eabi/lib/thumb/v7e-m/fpv4-sp/softfp\libm.a(lib_a-wf_sqrt.o)
 .ARM.attributes
                0x00000581       0x32 c:/users/fabri/downloads/gcc-arm-none-eabi-6-2017-q2-update-win32/bin/../lib/gcc/arm-none-eabi/6.3.1/../../../../arm-none-eabi/lib/thumb/v7e-m/fpv4-sp/softfp\libm.a(lib_a-e_rem_pio2.o)
 .ARM.attributes
                0x000005b3       0x32 c:/users/fabri/downloads/gcc-arm-none-eabi-6-2017-q2-update-win32/bin/../lib/gcc/arm-none-eabi/6.3.1/../../../../arm-none-eabi/lib/thumb/v7e-m/fpv4-sp/softfp\libm.a(lib_a-ef_sqrt.o)
 .ARM.attributes
                0x000005e5       0x32 c:/users/fabri/downloads/gcc-arm-none-eabi-6-2017-q2-update-win32/bin/../lib/gcc/arm-none-eabi/6.3.1/../../../../arm-none-eabi/lib/thumb/v7e-m/fpv4-sp/softfp\libm.a(lib_a-k_cos.o)
 .ARM.attributes
                0x00000617       0x32 c:/users/fabri/downloads/gcc-arm-none-eabi-6-2017-q2-update-win32/bin/../lib/gcc/arm-none-eabi/6.3.1/../../../../arm-none-eabi/lib/thumb/v7e-m/fpv4-sp/softfp\libm.a(lib_a-k_rem_pio2.o)
 .ARM.attributes
                0x00000649       0x32 c:/users/fabri/downloads/gcc-arm-none-eabi-6-2017-q2-update-win32/bin/../lib/gcc/arm-none-eabi/6.3.1/../../../../arm-none-eabi/lib/thumb/v7e-m/fpv4-sp/softfp\libm.a(lib_a-k_sin.o)
 .ARM.attributes
                0x0000067b       0x32 c:/users/fabri/downloads/gcc-arm-none-eabi-6-2017-q2-update-win32/bin/../lib/gcc/arm-none-eabi/6.3.1/../../../../arm-none-eabi/lib/thumb/v7e-m/fpv4-sp/softfp\libm.a(lib_a-s_fabs.o)
 .ARM.attributes
                0x000006ad       0x32 c:/users/fabri/downloads/gcc-arm-none-eabi-6-2017-q2-update-win32/bin/../lib/gcc/arm-none-eabi/6.3.1/../../../../arm-none-eabi/lib/thumb/v7e-m/fpv4-sp/softfp\libm.a(lib_a-s_floor.o)
 .ARM.attributes
                0x000006df       0x32 c:/users/fabri/downloads/gcc-arm-none-eabi-6-2017-q2-update-win32/bin/../lib/gcc/arm-none-eabi/6.3.1/../../../../arm-none-eabi/lib/thumb/v7e-m/fpv4-sp/softfp\libm.a(lib_a-s_lib_ver.o)
 .ARM.attributes
                0x00000711       0x32 c:/users/fabri/downloads/gcc-arm-none-eabi-6-2017-q2-update-win32/bin/../lib/gcc/arm-none-eabi/6.3.1/../../../../arm-none-eabi/lib/thumb/v7e-m/fpv4-sp/softfp\libm.a(lib_a-s_matherr.o)
 .ARM.attributes
                0x00000743       0x32 c:/users/fabri/downloads/gcc-arm-none-eabi-6-2017-q2-update-win32/bin/../lib/gcc/arm-none-eabi/6.3.1/../../../../arm-none-eabi/lib/thumb/v7e-m/fpv4-sp/softfp\libm.a(lib_a-s_scalbn.o)
 .ARM.attributes
                0x00000775       0x32 c:/users/fabri/downloads/gcc-arm-none-eabi-6-2017-q2-update-win32/bin/../lib/gcc/arm-none-eabi/6.3.1/../../../../arm-none-eabi/lib/thumb/v7e-m/fpv4-sp/softfp\libm.a(lib_a-s_copysign.o)
 .ARM.attributes
                0x000007a7       0x22 c:/users/fabri/downloads/gcc-arm-none-eabi-6-2017-q2-update-win32/bin/../lib/gcc/arm-none-eabi/6.3.1/thumb/v7e-m/fpv4-sp/softfp\libgcc.a(_arm_addsubdf3.o)
 .ARM.attributes
                0x000007c9       0x22 c:/users/fabri/downloads/gcc-arm-none-eabi-6-2017-q2-update-win32/bin/../lib/gcc/arm-none-eabi/6.3.1/thumb/v7e-m/fpv4-sp/softfp\libgcc.a(_arm_muldivdf3.o)
 .ARM.attributes
                0x000007eb       0x22 c:/users/fabri/downloads/gcc-arm-none-eabi-6-2017-q2-update-win32/bin/../lib/gcc/arm-none-eabi/6.3.1/thumb/v7e-m/fpv4-sp/softfp\libgcc.a(_arm_cmpdf2.o)
 .ARM.attributes
                0x0000080d       0x22 c:/users/fabri/downloads/gcc-arm-none-eabi-6-2017-q2-update-win32/bin/../lib/gcc/arm-none-eabi/6.3.1/thumb/v7e-m/fpv4-sp/softfp\libgcc.a(_arm_fixdfsi.o)
 .ARM.attributes
                0x0000082f       0x22 c:/users/fabri/downloads/gcc-arm-none-eabi-6-2017-q2-update-win32/bin/../lib/gcc/arm-none-eabi/6.3.1/thumb/v7e-m/fpv4-sp/softfp\libgcc.a(_arm_fixunsdfsi.o)
 .ARM.attributes
                0x00000851       0x22 c:/users/fabri/downloads/gcc-arm-none-eabi-6-2017-q2-update-win32/bin/../lib/gcc/arm-none-eabi/6.3.1/thumb/v7e-m/fpv4-sp/softfp\libgcc.a(_arm_truncdfsf2.o)
 .ARM.attributes
                0x00000873       0x22 c:/users/fabri/downloads/gcc-arm-none-eabi-6-2017-q2-update-win32/bin/../lib/gcc/arm-none-eabi/6.3.1/thumb/v7e-m/fpv4-sp/softfp\libgcc.a(_arm_muldivsf3.o)
 .ARM.attributes
                0x00000895       0x22 c:/users/fabri/downloads/gcc-arm-none-eabi-6-2017-q2-update-win32/bin/../lib/gcc/arm-none-eabi/6.3.1/thumb/v7e-m/fpv4-sp/softfp\libgcc.a(_arm_cmpsf2.o)
 .ARM.attributes
                0x000008b7       0x32 c:/users/fabri/downloads/gcc-arm-none-eabi-6-2017-q2-update-win32/bin/../lib/gcc/arm-none-eabi/6.3.1/../../../../arm-none-eabi/lib/thumb/v7e-m/fpv4-sp/softfp\libc.a(lib_a-errno.o)
 .ARM.attributes
                0x000008e9       0x32 c:/users/fabri/downloads/gcc-arm-none-eabi-6-2017-q2-update-win32/bin/../lib/gcc/arm-none-eabi/6.3.1/../../../../arm-none-eabi/lib/thumb/v7e-m/fpv4-sp/softfp\libc.a(lib_a-impure.o)
 .ARM.attributes
                0x0000091b       0x32 c:/users/fabri/downloads/gcc-arm-none-eabi-6-2017-q2-update-win32/bin/../lib/gcc/arm-none-eabi/6.3.1/../../../../arm-none-eabi/lib/thumb/v7e-m/fpv4-sp/softfp\libc.a(lib_a-sprintf.o)
 .ARM.attributes
                0x0000094d       0x20 c:/users/fabri/downloads/gcc-arm-none-eabi-6-2017-q2-update-win32/bin/../lib/gcc/arm-none-eabi/6.3.1/../../../../arm-none-eabi/lib/thumb/v7e-m/fpv4-sp/softfp\libc.a(lib_a-strlen.o)
 .ARM.attributes
                0x0000096d       0x32 c:/users/fabri/downloads/gcc-arm-none-eabi-6-2017-q2-update-win32/bin/../lib/gcc/arm-none-eabi/6.3.1/../../../../arm-none-eabi/lib/thumb/v7e-m/fpv4-sp/softfp\libc.a(lib_a-svfprintf.o)
 .ARM.attributes
                0x0000099f       0x32 c:/users/fabri/downloads/gcc-arm-none-eabi-6-2017-q2-update-win32/bin/../lib/gcc/arm-none-eabi/6.3.1/../../../../arm-none-eabi/lib/thumb/v7e-m/fpv4-sp/softfp\libc.a(lib_a-dtoa.o)
 .ARM.attributes
                0x000009d1       0x32 c:/users/fabri/downloads/gcc-arm-none-eabi-6-2017-q2-update-win32/bin/../lib/gcc/arm-none-eabi/6.3.1/../../../../arm-none-eabi/lib/thumb/v7e-m/fpv4-sp/softfp\libc.a(lib_a-localeconv.o)
 .ARM.attributes
                0x00000a03       0x32 c:/users/fabri/downloads/gcc-arm-none-eabi-6-2017-q2-update-win32/bin/../lib/gcc/arm-none-eabi/6.3.1/../../../../arm-none-eabi/lib/thumb/v7e-m/fpv4-sp/softfp\libc.a(lib_a-mallocr.o)
 .ARM.attributes
                0x00000a35       0x20 c:/users/fabri/downloads/gcc-arm-none-eabi-6-2017-q2-update-win32/bin/../lib/gcc/arm-none-eabi/6.3.1/../../../../arm-none-eabi/lib/thumb/v7e-m/fpv4-sp/softfp\libc.a(lib_a-memchr.o)
 .ARM.attributes
                0x00000a55       0x20 c:/users/fabri/downloads/gcc-arm-none-eabi-6-2017-q2-update-win32/bin/../lib/gcc/arm-none-eabi/6.3.1/../../../../arm-none-eabi/lib/thumb/v7e-m/fpv4-sp/softfp\libc.a(lib_a-memcpy.o)
 .ARM.attributes
                0x00000a75       0x32 c:/users/fabri/downloads/gcc-arm-none-eabi-6-2017-q2-update-win32/bin/../lib/gcc/arm-none-eabi/6.3.1/../../../../arm-none-eabi/lib/thumb/v7e-m/fpv4-sp/softfp\libc.a(lib_a-mlock.o)
 .ARM.attributes
                0x00000aa7       0x32 c:/users/fabri/downloads/gcc-arm-none-eabi-6-2017-q2-update-win32/bin/../lib/gcc/arm-none-eabi/6.3.1/../../../../arm-none-eabi/lib/thumb/v7e-m/fpv4-sp/softfp\libc.a(lib_a-mprec.o)
 .ARM.attributes
                0x00000ad9       0x32 c:/users/fabri/downloads/gcc-arm-none-eabi-6-2017-q2-update-win32/bin/../lib/gcc/arm-none-eabi/6.3.1/../../../../arm-none-eabi/lib/thumb/v7e-m/fpv4-sp/softfp\libc.a(lib_a-sbrkr.o)
 .ARM.attributes
                0x00000b0b       0x32 c:/users/fabri/downloads/gcc-arm-none-eabi-6-2017-q2-update-win32/bin/../lib/gcc/arm-none-eabi/6.3.1/../../../../arm-none-eabi/lib/thumb/v7e-m/fpv4-sp/softfp\libc.a(lib_a-svfiprintf.o)
 .ARM.attributes
                0x00000b3d       0x32 c:/users/fabri/downloads/gcc-arm-none-eabi-6-2017-q2-update-win32/bin/../lib/gcc/arm-none-eabi/6.3.1/../../../../arm-none-eabi/lib/thumb/v7e-m/fpv4-sp/softfp\libc.a(lib_a-callocr.o)
 .ARM.attributes
                0x00000b6f       0x32 c:/users/fabri/downloads/gcc-arm-none-eabi-6-2017-q2-update-win32/bin/../lib/gcc/arm-none-eabi/6.3.1/../../../../arm-none-eabi/lib/thumb/v7e-m/fpv4-sp/softfp\libc.a(lib_a-freer.o)
 .ARM.attributes
                0x00000ba1       0x32 c:/users/fabri/downloads/gcc-arm-none-eabi-6-2017-q2-update-win32/bin/../lib/gcc/arm-none-eabi/6.3.1/../../../../arm-none-eabi/lib/thumb/v7e-m/fpv4-sp/softfp\libc.a(lib_a-locale.o)
 .ARM.attributes
                0x00000bd3       0x32 c:/users/fabri/downloads/gcc-arm-none-eabi-6-2017-q2-update-win32/bin/../lib/gcc/arm-none-eabi/6.3.1/../../../../arm-none-eabi/lib/thumb/v7e-m/fpv4-sp/softfp\libc.a(lib_a-lock.o)
 .ARM.attributes
                0x00000c05       0x32 c:/users/fabri/downloads/gcc-arm-none-eabi-6-2017-q2-update-win32/bin/../lib/gcc/arm-none-eabi/6.3.1/../../../../arm-none-eabi/lib/thumb/v7e-m/fpv4-sp/softfp\libc.a(lib_a-mbtowc_r.o)
 .ARM.attributes
                0x00000c37       0x32 c:/users/fabri/downloads/gcc-arm-none-eabi-6-2017-q2-update-win32/bin/../lib/gcc/arm-none-eabi/6.3.1/../../../../arm-none-eabi/lib/thumb/v7e-m/fpv4-sp/softfp\libc.a(lib_a-memmove.o)
 .ARM.attributes
                0x00000c69       0x32 c:/users/fabri/downloads/gcc-arm-none-eabi-6-2017-q2-update-win32/bin/../lib/gcc/arm-none-eabi/6.3.1/../../../../arm-none-eabi/lib/thumb/v7e-m/fpv4-sp/softfp\libc.a(lib_a-memset.o)
 .ARM.attributes
                0x00000c9b       0x32 c:/users/fabri/downloads/gcc-arm-none-eabi-6-2017-q2-update-win32/bin/../lib/gcc/arm-none-eabi/6.3.1/../../../../arm-none-eabi/lib/thumb/v7e-m/fpv4-sp/softfp\libc.a(lib_a-reallocr.o)
 .ARM.attributes
                0x00000ccd       0x32 c:/users/fabri/downloads/gcc-arm-none-eabi-6-2017-q2-update-win32/bin/../lib/gcc/arm-none-eabi/6.3.1/../../../../arm-none-eabi/lib/thumb/v7e-m/fpv4-sp/softfp\libc.a(lib_a-reent.o)
 .ARM.attributes
                0x00000cff       0x32 c:/users/fabri/downloads/gcc-arm-none-eabi-6-2017-q2-update-win32/bin/../lib/gcc/arm-none-eabi/6.3.1/../../../../arm-none-eabi/lib/thumb/v7e-m/fpv4-sp/softfp\libc.a(lib_a-wctomb_r.o)
 .ARM.attributes
                0x00000d31       0x32 c:/users/fabri/downloads/gcc-arm-none-eabi-6-2017-q2-update-win32/bin/../lib/gcc/arm-none-eabi/6.3.1/../../../../arm-none-eabi/lib/thumb/v7e-m/fpv4-sp/softfp\libc.a(lib_a-ctype_.o)
 .ARM.attributes
                0x00000d63       0x22 c:/users/fabri/downloads/gcc-arm-none-eabi-6-2017-q2-update-win32/bin/../lib/gcc/arm-none-eabi/6.3.1/thumb/v7e-m/fpv4-sp/softfp\libgcc.a(_arm_unorddf2.o)
 .ARM.attributes
                0x00000d85       0x22 c:/users/fabri/downloads/gcc-arm-none-eabi-6-2017-q2-update-win32/bin/../lib/gcc/arm-none-eabi/6.3.1/thumb/v7e-m/fpv4-sp/softfp\libgcc.a(_aeabi_uldivmod.o)
 .ARM.attributes
                0x00000da7       0x32 c:/users/fabri/downloads/gcc-arm-none-eabi-6-2017-q2-update-win32/bin/../lib/gcc/arm-none-eabi/6.3.1/thumb/v7e-m/fpv4-sp/softfp\libgcc.a(_udivmoddi4.o)
 .ARM.attributes
                0x00000dd9       0x22 c:/users/fabri/downloads/gcc-arm-none-eabi-6-2017-q2-update-win32/bin/../lib/gcc/arm-none-eabi/6.3.1/thumb/v7e-m/fpv4-sp/softfp\libgcc.a(_dvmd_tls.o)

.debug_frame    0x00000000     0x3188
 .debug_frame   0x00000000      0x23c ..\obj\stm32f4xx_gpio.o
 .debug_frame   0x0000023c       0x88 ..\obj\arm_rfft_f32.o
 .debug_frame   0x000002c4      0x300 ..\obj\stm32f4xx_fsmc.o
 .debug_frame   0x000005c4       0x38 ..\obj\arm_max_f32.o
 .debug_frame   0x000005fc      0x3f4 ..\obj\stm32f4xx_spi.o
 .debug_frame   0x000009f0      0x134 ..\obj\stm32f4xx_it.o
 .debug_frame   0x00000b24       0xd8 ..\obj\misc.o
 .debug_frame   0x00000bfc      0x168 ..\obj\syscalls.o
 .debug_frame   0x00000d64       0x34 ..\obj\arm_rfft_init_f32.o
 .debug_frame   0x00000d98       0xf4 ..\obj\stm32f4xx_syscfg.o
 .debug_frame   0x00000e8c       0x4c ..\obj\startup_stm32f4xx.o
 .debug_frame   0x00000ed8      0x6d4 ..\obj\stm32f4xx_rcc.o
 .debug_frame   0x000015ac       0xf4 ..\obj\stm32f4_discovery.o
 .debug_frame   0x000016a0       0x38 ..\obj\arm_cfft_radix4_init_f32.o
 .debug_frame   0x000016d8      0x148 ..\obj\stm32f4xx_exti.o
 .debug_frame   0x00001820       0x7c ..\obj\system_stm32f4xx.o
 .debug_frame   0x0000189c      0x7d0 ..\obj\stm32f4_discovery_lcd.o
 .debug_frame   0x0000206c       0x58 ..\obj\arm_cmplx_mag_f32.o
 .debug_frame   0x000020c4       0xac ..\obj\arm_cfft_radix4_f32.o
 .debug_frame   0x00002170      0x10c ..\obj\main.o
 .debug_frame   0x0000227c       0x30 c:/users/fabri/downloads/gcc-arm-none-eabi-6-2017-q2-update-win32/bin/../lib/gcc/arm-none-eabi/6.3.1/../../../../arm-none-eabi/lib/thumb/v7e-m/fpv4-sp/softfp\libm.a(lib_a-s_lround.o)
 .debug_frame   0x000022ac       0x40 c:/users/fabri/downloads/gcc-arm-none-eabi-6-2017-q2-update-win32/bin/../lib/gcc/arm-none-eabi/6.3.1/../../../../arm-none-eabi/lib/thumb/v7e-m/fpv4-sp/softfp\libm.a(lib_a-s_sin.o)
 .debug_frame   0x000022ec       0x50 c:/users/fabri/downloads/gcc-arm-none-eabi-6-2017-q2-update-win32/bin/../lib/gcc/arm-none-eabi/6.3.1/../../../../arm-none-eabi/lib/thumb/v7e-m/fpv4-sp/softfp\libm.a(lib_a-wf_sqrt.o)
 .debug_frame   0x0000233c       0x44 c:/users/fabri/downloads/gcc-arm-none-eabi-6-2017-q2-update-win32/bin/../lib/gcc/arm-none-eabi/6.3.1/../../../../arm-none-eabi/lib/thumb/v7e-m/fpv4-sp/softfp\libm.a(lib_a-e_rem_pio2.o)
 .debug_frame   0x00002380       0x20 c:/users/fabri/downloads/gcc-arm-none-eabi-6-2017-q2-update-win32/bin/../lib/gcc/arm-none-eabi/6.3.1/../../../../arm-none-eabi/lib/thumb/v7e-m/fpv4-sp/softfp\libm.a(lib_a-ef_sqrt.o)
 .debug_frame   0x000023a0       0x4c c:/users/fabri/downloads/gcc-arm-none-eabi-6-2017-q2-update-win32/bin/../lib/gcc/arm-none-eabi/6.3.1/../../../../arm-none-eabi/lib/thumb/v7e-m/fpv4-sp/softfp\libm.a(lib_a-k_cos.o)
 .debug_frame   0x000023ec       0x50 c:/users/fabri/downloads/gcc-arm-none-eabi-6-2017-q2-update-win32/bin/../lib/gcc/arm-none-eabi/6.3.1/../../../../arm-none-eabi/lib/thumb/v7e-m/fpv4-sp/softfp\libm.a(lib_a-k_rem_pio2.o)
 .debug_frame   0x0000243c       0x48 c:/users/fabri/downloads/gcc-arm-none-eabi-6-2017-q2-update-win32/bin/../lib/gcc/arm-none-eabi/6.3.1/../../../../arm-none-eabi/lib/thumb/v7e-m/fpv4-sp/softfp\libm.a(lib_a-k_sin.o)
 .debug_frame   0x00002484       0x20 c:/users/fabri/downloads/gcc-arm-none-eabi-6-2017-q2-update-win32/bin/../lib/gcc/arm-none-eabi/6.3.1/../../../../arm-none-eabi/lib/thumb/v7e-m/fpv4-sp/softfp\libm.a(lib_a-s_fabs.o)
 .debug_frame   0x000024a4       0x30 c:/users/fabri/downloads/gcc-arm-none-eabi-6-2017-q2-update-win32/bin/../lib/gcc/arm-none-eabi/6.3.1/../../../../arm-none-eabi/lib/thumb/v7e-m/fpv4-sp/softfp\libm.a(lib_a-s_floor.o)
 .debug_frame   0x000024d4       0x20 c:/users/fabri/downloads/gcc-arm-none-eabi-6-2017-q2-update-win32/bin/../lib/gcc/arm-none-eabi/6.3.1/../../../../arm-none-eabi/lib/thumb/v7e-m/fpv4-sp/softfp\libm.a(lib_a-s_matherr.o)
 .debug_frame   0x000024f4       0x30 c:/users/fabri/downloads/gcc-arm-none-eabi-6-2017-q2-update-win32/bin/../lib/gcc/arm-none-eabi/6.3.1/../../../../arm-none-eabi/lib/thumb/v7e-m/fpv4-sp/softfp\libm.a(lib_a-s_scalbn.o)
 .debug_frame   0x00002524       0x20 c:/users/fabri/downloads/gcc-arm-none-eabi-6-2017-q2-update-win32/bin/../lib/gcc/arm-none-eabi/6.3.1/../../../../arm-none-eabi/lib/thumb/v7e-m/fpv4-sp/softfp\libm.a(lib_a-s_copysign.o)
 .debug_frame   0x00002544       0xac c:/users/fabri/downloads/gcc-arm-none-eabi-6-2017-q2-update-win32/bin/../lib/gcc/arm-none-eabi/6.3.1/thumb/v7e-m/fpv4-sp/softfp\libgcc.a(_arm_addsubdf3.o)
 .debug_frame   0x000025f0       0x50 c:/users/fabri/downloads/gcc-arm-none-eabi-6-2017-q2-update-win32/bin/../lib/gcc/arm-none-eabi/6.3.1/thumb/v7e-m/fpv4-sp/softfp\libgcc.a(_arm_muldivdf3.o)
 .debug_frame   0x00002640       0xc4 c:/users/fabri/downloads/gcc-arm-none-eabi-6-2017-q2-update-win32/bin/../lib/gcc/arm-none-eabi/6.3.1/thumb/v7e-m/fpv4-sp/softfp\libgcc.a(_arm_cmpdf2.o)
 .debug_frame   0x00002704       0x24 c:/users/fabri/downloads/gcc-arm-none-eabi-6-2017-q2-update-win32/bin/../lib/gcc/arm-none-eabi/6.3.1/thumb/v7e-m/fpv4-sp/softfp\libgcc.a(_arm_fixdfsi.o)
 .debug_frame   0x00002728       0x24 c:/users/fabri/downloads/gcc-arm-none-eabi-6-2017-q2-update-win32/bin/../lib/gcc/arm-none-eabi/6.3.1/thumb/v7e-m/fpv4-sp/softfp\libgcc.a(_arm_fixunsdfsi.o)
 .debug_frame   0x0000274c       0x24 c:/users/fabri/downloads/gcc-arm-none-eabi-6-2017-q2-update-win32/bin/../lib/gcc/arm-none-eabi/6.3.1/thumb/v7e-m/fpv4-sp/softfp\libgcc.a(_arm_truncdfsf2.o)
 .debug_frame   0x00002770       0x38 c:/users/fabri/downloads/gcc-arm-none-eabi-6-2017-q2-update-win32/bin/../lib/gcc/arm-none-eabi/6.3.1/thumb/v7e-m/fpv4-sp/softfp\libgcc.a(_arm_muldivsf3.o)
 .debug_frame   0x000027a8       0xc8 c:/users/fabri/downloads/gcc-arm-none-eabi-6-2017-q2-update-win32/bin/../lib/gcc/arm-none-eabi/6.3.1/thumb/v7e-m/fpv4-sp/softfp\libgcc.a(_arm_cmpsf2.o)
 .debug_frame   0x00002870       0x20 c:/users/fabri/downloads/gcc-arm-none-eabi-6-2017-q2-update-win32/bin/../lib/gcc/arm-none-eabi/6.3.1/../../../../arm-none-eabi/lib/thumb/v7e-m/fpv4-sp/softfp\libc.a(lib_a-errno.o)
 .debug_frame   0x00002890       0x84 c:/users/fabri/downloads/gcc-arm-none-eabi-6-2017-q2-update-win32/bin/../lib/gcc/arm-none-eabi/6.3.1/../../../../arm-none-eabi/lib/thumb/v7e-m/fpv4-sp/softfp\libc.a(lib_a-sprintf.o)
 .debug_frame   0x00002914       0x40 c:/users/fabri/downloads/gcc-arm-none-eabi-6-2017-q2-update-win32/bin/../lib/gcc/arm-none-eabi/6.3.1/../../../../arm-none-eabi/lib/thumb/v7e-m/fpv4-sp/softfp\libc.a(lib_a-svfprintf.o)
 .debug_frame   0x00002954       0x88 c:/users/fabri/downloads/gcc-arm-none-eabi-6-2017-q2-update-win32/bin/../lib/gcc/arm-none-eabi/6.3.1/../../../../arm-none-eabi/lib/thumb/v7e-m/fpv4-sp/softfp\libc.a(lib_a-dtoa.o)
 .debug_frame   0x000029dc       0x40 c:/users/fabri/downloads/gcc-arm-none-eabi-6-2017-q2-update-win32/bin/../lib/gcc/arm-none-eabi/6.3.1/../../../../arm-none-eabi/lib/thumb/v7e-m/fpv4-sp/softfp\libc.a(lib_a-localeconv.o)
 .debug_frame   0x00002a1c       0x58 c:/users/fabri/downloads/gcc-arm-none-eabi-6-2017-q2-update-win32/bin/../lib/gcc/arm-none-eabi/6.3.1/../../../../arm-none-eabi/lib/thumb/v7e-m/fpv4-sp/softfp\libc.a(lib_a-mallocr.o)
 .debug_frame   0x00002a74       0x30 c:/users/fabri/downloads/gcc-arm-none-eabi-6-2017-q2-update-win32/bin/../lib/gcc/arm-none-eabi/6.3.1/../../../../arm-none-eabi/lib/thumb/v7e-m/fpv4-sp/softfp\libc.a(lib_a-mlock.o)
 .debug_frame   0x00002aa4      0x25c c:/users/fabri/downloads/gcc-arm-none-eabi-6-2017-q2-update-win32/bin/../lib/gcc/arm-none-eabi/6.3.1/../../../../arm-none-eabi/lib/thumb/v7e-m/fpv4-sp/softfp\libc.a(lib_a-mprec.o)
 .debug_frame   0x00002d00       0x2c c:/users/fabri/downloads/gcc-arm-none-eabi-6-2017-q2-update-win32/bin/../lib/gcc/arm-none-eabi/6.3.1/../../../../arm-none-eabi/lib/thumb/v7e-m/fpv4-sp/softfp\libc.a(lib_a-sbrkr.o)
 .debug_frame   0x00002d2c       0x78 c:/users/fabri/downloads/gcc-arm-none-eabi-6-2017-q2-update-win32/bin/../lib/gcc/arm-none-eabi/6.3.1/../../../../arm-none-eabi/lib/thumb/v7e-m/fpv4-sp/softfp\libc.a(lib_a-svfiprintf.o)
 .debug_frame   0x00002da4       0x28 c:/users/fabri/downloads/gcc-arm-none-eabi-6-2017-q2-update-win32/bin/../lib/gcc/arm-none-eabi/6.3.1/../../../../arm-none-eabi/lib/thumb/v7e-m/fpv4-sp/softfp\libc.a(lib_a-callocr.o)
 .debug_frame   0x00002dcc       0x74 c:/users/fabri/downloads/gcc-arm-none-eabi-6-2017-q2-update-win32/bin/../lib/gcc/arm-none-eabi/6.3.1/../../../../arm-none-eabi/lib/thumb/v7e-m/fpv4-sp/softfp\libc.a(lib_a-freer.o)
 .debug_frame   0x00002e40       0x6c c:/users/fabri/downloads/gcc-arm-none-eabi-6-2017-q2-update-win32/bin/../lib/gcc/arm-none-eabi/6.3.1/../../../../arm-none-eabi/lib/thumb/v7e-m/fpv4-sp/softfp\libc.a(lib_a-locale.o)
 .debug_frame   0x00002eac       0xb0 c:/users/fabri/downloads/gcc-arm-none-eabi-6-2017-q2-update-win32/bin/../lib/gcc/arm-none-eabi/6.3.1/../../../../arm-none-eabi/lib/thumb/v7e-m/fpv4-sp/softfp\libc.a(lib_a-lock.o)
 .debug_frame   0x00002f5c       0x4c c:/users/fabri/downloads/gcc-arm-none-eabi-6-2017-q2-update-win32/bin/../lib/gcc/arm-none-eabi/6.3.1/../../../../arm-none-eabi/lib/thumb/v7e-m/fpv4-sp/softfp\libc.a(lib_a-mbtowc_r.o)
 .debug_frame   0x00002fa8       0x30 c:/users/fabri/downloads/gcc-arm-none-eabi-6-2017-q2-update-win32/bin/../lib/gcc/arm-none-eabi/6.3.1/../../../../arm-none-eabi/lib/thumb/v7e-m/fpv4-sp/softfp\libc.a(lib_a-memmove.o)
 .debug_frame   0x00002fd8       0x34 c:/users/fabri/downloads/gcc-arm-none-eabi-6-2017-q2-update-win32/bin/../lib/gcc/arm-none-eabi/6.3.1/../../../../arm-none-eabi/lib/thumb/v7e-m/fpv4-sp/softfp\libc.a(lib_a-memset.o)
 .debug_frame   0x0000300c       0x68 c:/users/fabri/downloads/gcc-arm-none-eabi-6-2017-q2-update-win32/bin/../lib/gcc/arm-none-eabi/6.3.1/../../../../arm-none-eabi/lib/thumb/v7e-m/fpv4-sp/softfp\libc.a(lib_a-reallocr.o)
 .debug_frame   0x00003074       0x58 c:/users/fabri/downloads/gcc-arm-none-eabi-6-2017-q2-update-win32/bin/../lib/gcc/arm-none-eabi/6.3.1/../../../../arm-none-eabi/lib/thumb/v7e-m/fpv4-sp/softfp\libc.a(lib_a-reent.o)
 .debug_frame   0x000030cc       0x3c c:/users/fabri/downloads/gcc-arm-none-eabi-6-2017-q2-update-win32/bin/../lib/gcc/arm-none-eabi/6.3.1/../../../../arm-none-eabi/lib/thumb/v7e-m/fpv4-sp/softfp\libc.a(lib_a-wctomb_r.o)
 .debug_frame   0x00003108       0x20 c:/users/fabri/downloads/gcc-arm-none-eabi-6-2017-q2-update-win32/bin/../lib/gcc/arm-none-eabi/6.3.1/thumb/v7e-m/fpv4-sp/softfp\libgcc.a(_arm_unorddf2.o)
 .debug_frame   0x00003128       0x2c c:/users/fabri/downloads/gcc-arm-none-eabi-6-2017-q2-update-win32/bin/../lib/gcc/arm-none-eabi/6.3.1/thumb/v7e-m/fpv4-sp/softfp\libgcc.a(_aeabi_uldivmod.o)
 .debug_frame   0x00003154       0x34 c:/users/fabri/downloads/gcc-arm-none-eabi-6-2017-q2-update-win32/bin/../lib/gcc/arm-none-eabi/6.3.1/thumb/v7e-m/fpv4-sp/softfp\libgcc.a(_udivmoddi4.o)
